2025-08-14 19:42:29 [INFO] Logging to file: outputs\closeup_gs_20250814_194229.log
2025-08-14 19:42:29 [INFO] GPU: NVIDIA GeForce RTX 3070 Ti Laptop GPU
2025-08-14 19:42:29 [INFO] NVIDIA RTX 3070Ti detected - applying optimizations
2025-08-14 19:42:29 [INFO] Automatic Mixed Precision enabled for 3070Ti
2025-08-14 19:42:29 [INFO] Applied aggressive memory management for RTX 3070Ti
2025-08-14 19:42:29 [INFO] GPU memory fraction set to 0.75
2025-08-14 19:42:29 [INFO] Applied additional memory optimizations for 8GB GPU
2025-08-14 19:42:29 [INFO] Close-up-GS Training initialized
2025-08-14 19:42:29 [INFO] Device: cuda:0
2025-08-14 19:42:29 [INFO] Debug mode: True
2025-08-14 19:42:29 [INFO] Batch size: 1
2025-08-14 19:42:30 [INFO] LPIPS metric initialized
2025-08-14 19:42:30 [WARNING] DINO not available. Install dino-vit-features for no-reference evaluation
2025-08-14 19:42:30 [INFO] === Starting Complete Close-up-GS Training ===
2025-08-14 19:42:30 [INFO] Step 7.1: Loading dataset...
2025-08-14 19:42:30 [INFO] Loaded synthetic dataset: 3 samples
2025-08-14 19:42:30 [INFO] Dataset statistics:
2025-08-14 19:42:30 [INFO]   Total samples: 3
2025-08-14 19:42:30 [INFO]   Training views: 3
2025-08-14 19:42:30 [INFO]   Close-up test samples: 3
2025-08-14 19:42:30 [INFO] Step 7.2: Initial GSModel optimization (10 iterations)...
2025-08-14 19:42:30 [INFO] ProgressiveTrainer initialized
2025-08-14 19:42:30 [INFO]   Rounds: 3
2025-08-14 19:42:30 [INFO]   Scales: [3, 9, 27]
2025-08-14 19:42:30 [INFO]   Anchor count: 5
2025-08-14 19:42:30 [INFO]   Update count: 8
2025-08-14 19:42:30 [INFO] CloseupGS Trainer initialized
2025-08-14 19:42:30 [INFO]   Training views: 3
2025-08-14 19:42:30 [INFO]   Close-up test views: 3
2025-08-14 19:42:30 [INFO]   Baseline iterations: 10
2025-08-14 19:42:30 [INFO]   Refinement iterations: 5
2025-08-14 19:42:30 [INFO]   Fine-tuning iterations: 5
2025-08-14 19:42:30 [INFO] Starting baseline GSModel training...
2025-08-14 19:42:30 [INFO] Phase 1: Training baseline GSModel (10 iterations)
2025-08-14 19:42:33 [INFO] Baseline iter 0: loss=0.578622, gaussians=600
2025-08-14 19:42:53 [INFO] Checkpoint saved: outputs\closeup_gs_baseline_final.pth
2025-08-14 19:42:53 [INFO] Baseline training completed in 22.8s
2025-08-14 19:42:53 [INFO] Initial optimization completed in 23.2s
2025-08-14 19:42:53 [INFO] Final Gaussians count: 600
2025-08-14 19:42:53 [INFO] Step 7.3: Progressive update (3 rounds)...
2025-08-14 19:42:53 [INFO] Starting progressive self-training...
2025-08-14 19:42:53 [INFO] Starting progressive update: 3 rounds
2025-08-14 19:42:53 [INFO] Scales: [3, 9, 27]
2025-08-14 19:42:53 [INFO] Initial training views: 3
2025-08-14 19:42:53 [INFO] 
=== Progressive Round 1/3 ===
2025-08-14 19:42:53 [INFO] Scale factor: 3
2025-08-14 19:42:53 [DEBUG] Base distance: 3.816
2025-08-14 19:42:53 [DEBUG] Frontier distance threshold: 1.272
2025-08-14 19:42:53 [INFO] Step 1: Set 12 frontier views
2025-08-14 19:42:53 [DEBUG] Anchor selection objective: -4.2612
2025-08-14 19:42:53 [INFO] Step 2: Selected 3 anchor views: [0, 1, 2]
2025-08-14 19:42:53 [DEBUG] Update selection objective: -33.9708
2025-08-14 19:42:53 [INFO] Step 3: Selected 8 views to update
2025-08-14 19:42:55 [DEBUG] Rendered view 1/8: torch.Size([3, 512, 512])
2025-08-14 19:43:01 [WARNING] Refinement failed for view 0: 'dict' object has no attribute 'shape'
2025-08-14 19:43:03 [DEBUG] Rendered view 2/8: torch.Size([3, 512, 512])
2025-08-14 19:43:10 [WARNING] Refinement failed for view 1: 'dict' object has no attribute 'shape'
2025-08-14 19:43:11 [DEBUG] Rendered view 3/8: torch.Size([3, 512, 512])
2025-08-14 19:43:18 [WARNING] Refinement failed for view 2: 'dict' object has no attribute 'shape'
2025-08-14 19:43:19 [DEBUG] Rendered view 4/8: torch.Size([3, 512, 512])
2025-08-14 19:43:26 [WARNING] Refinement failed for view 3: 'dict' object has no attribute 'shape'
2025-08-14 19:43:27 [DEBUG] Rendered view 5/8: torch.Size([3, 512, 512])
2025-08-14 19:43:34 [WARNING] Refinement failed for view 4: 'dict' object has no attribute 'shape'
