2025-08-14 20:09:38 [INFO] Logging to file: outputs\closeup_gs_20250814_200938.log
2025-08-14 20:09:38 [INFO] GPU: NVIDIA GeForce RTX 3070 Ti Laptop GPU
2025-08-14 20:09:38 [INFO] NVIDIA RTX 3070Ti detected - applying optimizations
2025-08-14 20:09:38 [INFO] Automatic Mixed Precision enabled for 3070Ti
2025-08-14 20:09:38 [INFO] Applied aggressive memory management for RTX 3070Ti
2025-08-14 20:09:39 [INFO] GPU memory fraction set to 0.75
2025-08-14 20:09:39 [INFO] Applied additional memory optimizations for 8GB GPU
2025-08-14 20:09:39 [INFO] Close-up-GS Training initialized
2025-08-14 20:09:39 [INFO] Device: cuda:0
2025-08-14 20:09:39 [INFO] Debug mode: True
2025-08-14 20:09:39 [INFO] Batch size: 1
2025-08-14 20:09:39 [INFO] LPIPS metric initialized
2025-08-14 20:09:39 [WARNING] DINO not available. Install dino-vit-features for no-reference evaluation
2025-08-14 20:09:39 [INFO] === Starting Complete Close-up-GS Training ===
2025-08-14 20:09:39 [INFO] Step 7.1: Loading dataset...
2025-08-14 20:09:39 [INFO] Loaded synthetic dataset: 2 samples
2025-08-14 20:09:39 [INFO] Dataset statistics:
2025-08-14 20:09:39 [INFO]   Total samples: 2
2025-08-14 20:09:39 [INFO]   Training views: 2
2025-08-14 20:09:39 [INFO]   Close-up test samples: 2
2025-08-14 20:09:39 [INFO] Step 7.2: Initial GSModel optimization (10 iterations)...
2025-08-14 20:09:39 [INFO] ProgressiveTrainer initialized
2025-08-14 20:09:39 [INFO]   Rounds: 3
2025-08-14 20:09:39 [INFO]   Scales: [3, 9, 27]
2025-08-14 20:09:39 [INFO]   Anchor count: 5
2025-08-14 20:09:39 [INFO]   Update count: 8
2025-08-14 20:09:39 [INFO] CloseupGS Trainer initialized
2025-08-14 20:09:39 [INFO]   Device: cuda:0
2025-08-14 20:09:39 [INFO]   Training views: 2
2025-08-14 20:09:39 [INFO]   Close-up test views: 2
2025-08-14 20:09:39 [INFO]   Baseline iterations: 10
2025-08-14 20:09:39 [INFO]   Refinement iterations: 5
2025-08-14 20:09:39 [INFO]   Fine-tuning iterations: 5
2025-08-14 20:09:39 [INFO] Starting baseline GSModel training...
2025-08-14 20:09:39 [INFO] Phase 1: Training baseline GSModel (10 iterations)
2025-08-14 20:09:42 [INFO] Baseline iter 0: loss=0.578622, gaussians=400
2025-08-14 20:09:56 [INFO] Checkpoint saved: outputs\closeup_gs_baseline_final.pth
2025-08-14 20:09:56 [INFO] Baseline training completed in 16.2s
2025-08-14 20:09:56 [INFO] Initial optimization completed in 16.6s
2025-08-14 20:09:56 [INFO] Final Gaussians count: 400
2025-08-14 20:09:56 [INFO] Step 7.3: Progressive update (3 rounds)...
2025-08-14 20:09:56 [INFO] Starting progressive self-training...
2025-08-14 20:09:56 [INFO] Starting progressive update: 3 rounds
2025-08-14 20:09:56 [INFO] Scales: [3, 9, 27]
2025-08-14 20:09:56 [INFO] Initial training views: 2
2025-08-14 20:09:56 [INFO] 
=== Progressive Round 1/3 ===
2025-08-14 20:09:56 [INFO] Scale factor: 3
2025-08-14 20:09:56 [DEBUG] Base distance: 3.678
2025-08-14 20:09:56 [DEBUG] Frontier distance threshold: 1.226
2025-08-14 20:09:56 [INFO] Step 1: Set 12 frontier views
2025-08-14 20:09:56 [DEBUG] Anchor selection objective: -1.6708
2025-08-14 20:09:56 [INFO] Step 2: Selected 2 anchor views: [0, 1]
2025-08-14 20:09:56 [DEBUG] Update selection objective: -34.1545
2025-08-14 20:09:56 [INFO] Step 3: Selected 8 views to update
2025-08-14 20:09:57 [DEBUG] Rendered view 1/8: torch.Size([3, 512, 512])
2025-08-14 20:10:00 [DEBUG] Refined view 1/8: torch.Size([3, 512, 512])
2025-08-14 20:10:02 [DEBUG] Rendered view 2/8: torch.Size([3, 512, 512])
2025-08-14 20:10:05 [DEBUG] Refined view 2/8: torch.Size([3, 512, 512])
2025-08-14 20:10:06 [DEBUG] Rendered view 3/8: torch.Size([3, 512, 512])
2025-08-14 20:10:10 [DEBUG] Refined view 3/8: torch.Size([3, 512, 512])
2025-08-14 20:10:11 [DEBUG] Rendered view 4/8: torch.Size([3, 512, 512])
2025-08-14 20:10:14 [DEBUG] Refined view 4/8: torch.Size([3, 512, 512])
2025-08-14 20:10:15 [DEBUG] Rendered view 5/8: torch.Size([3, 512, 512])
2025-08-14 20:10:19 [DEBUG] Refined view 5/8: torch.Size([3, 512, 512])
2025-08-14 20:10:20 [DEBUG] Rendered view 6/8: torch.Size([3, 512, 512])
2025-08-14 20:10:23 [DEBUG] Refined view 6/8: torch.Size([3, 512, 512])
2025-08-14 20:10:25 [DEBUG] Rendered view 7/8: torch.Size([3, 512, 512])
2025-08-14 20:10:28 [DEBUG] Refined view 7/8: torch.Size([3, 512, 512])
2025-08-14 20:10:29 [DEBUG] Rendered view 8/8: torch.Size([3, 512, 512])
2025-08-14 20:10:32 [DEBUG] Refined view 8/8: torch.Size([3, 512, 512])
2025-08-14 20:10:32 [INFO] Step 4: Rendered and refined 8 images
2025-08-14 20:10:32 [INFO] Fine-tuning model with 8 refined images
2025-08-14 20:10:35 [DEBUG] Fine-tune iter 0: loss = 0.040000
