2025-08-14 19:49:32 [INFO] Logging to file: outputs\closeup_gs_20250814_194932.log
2025-08-14 19:49:32 [INFO] GPU: NVIDIA GeForce RTX 3070 Ti Laptop GPU
2025-08-14 19:49:32 [INFO] NVIDIA RTX 3070Ti detected - applying optimizations
2025-08-14 19:49:32 [INFO] Automatic Mixed Precision enabled for 3070Ti
2025-08-14 19:49:32 [INFO] Applied aggressive memory management for RTX 3070Ti
2025-08-14 19:49:32 [INFO] GPU memory fraction set to 0.75
2025-08-14 19:49:32 [INFO] Applied additional memory optimizations for 8GB GPU
2025-08-14 19:49:32 [INFO] Close-up-GS Training initialized
2025-08-14 19:49:32 [INFO] Device: cuda:0
2025-08-14 19:49:32 [INFO] Debug mode: True
2025-08-14 19:49:32 [INFO] Batch size: 1
2025-08-14 19:49:33 [INFO] LPIPS metric initialized
2025-08-14 19:49:33 [WARNING] DINO not available. Install dino-vit-features for no-reference evaluation
2025-08-14 19:49:33 [INFO] === Starting Complete Close-up-GS Training ===
2025-08-14 19:49:33 [INFO] Step 7.1: Loading dataset...
2025-08-14 19:49:33 [INFO] Loaded synthetic dataset: 1 samples
2025-08-14 19:49:33 [INFO] Dataset statistics:
2025-08-14 19:49:33 [INFO]   Total samples: 1
2025-08-14 19:49:33 [INFO]   Training views: 1
2025-08-14 19:49:33 [INFO]   Close-up test samples: 1
2025-08-14 19:49:33 [INFO] Step 7.2: Initial GSModel optimization (10 iterations)...
2025-08-14 19:49:33 [INFO] ProgressiveTrainer initialized
2025-08-14 19:49:33 [INFO]   Rounds: 3
2025-08-14 19:49:33 [INFO]   Scales: [3, 9, 27]
2025-08-14 19:49:33 [INFO]   Anchor count: 5
2025-08-14 19:49:33 [INFO]   Update count: 8
2025-08-14 19:49:33 [INFO] CloseupGS Trainer initialized
2025-08-14 19:49:33 [INFO]   Training views: 1
2025-08-14 19:49:33 [INFO]   Close-up test views: 1
2025-08-14 19:49:33 [INFO]   Baseline iterations: 10
2025-08-14 19:49:33 [INFO]   Refinement iterations: 5
2025-08-14 19:49:33 [INFO]   Fine-tuning iterations: 5
2025-08-14 19:49:33 [INFO] Starting baseline GSModel training...
2025-08-14 19:49:33 [INFO] Phase 1: Training baseline GSModel (10 iterations)
2025-08-14 19:49:34 [INFO] Baseline iter 0: loss=0.578603, gaussians=200
2025-08-14 19:49:41 [INFO] Checkpoint saved: outputs\closeup_gs_baseline_final.pth
2025-08-14 19:49:41 [INFO] Baseline training completed in 8.2s
2025-08-14 19:49:41 [INFO] Initial optimization completed in 8.5s
2025-08-14 19:49:41 [INFO] Final Gaussians count: 200
2025-08-14 19:49:41 [INFO] Step 7.3: Progressive update (3 rounds)...
2025-08-14 19:49:41 [INFO] Starting progressive self-training...
2025-08-14 19:49:41 [INFO] Starting progressive update: 3 rounds
2025-08-14 19:49:41 [INFO] Scales: [3, 9, 27]
2025-08-14 19:49:41 [INFO] Initial training views: 1
2025-08-14 19:49:41 [INFO] 
=== Progressive Round 1/3 ===
2025-08-14 19:49:41 [INFO] Scale factor: 3
2025-08-14 19:49:41 [DEBUG] Base distance: 2.372
2025-08-14 19:49:41 [DEBUG] Frontier distance threshold: 0.791
2025-08-14 19:49:41 [INFO] Step 1: Set 12 frontier views
2025-08-14 19:49:41 [DEBUG] Anchor selection objective: 0.0000
2025-08-14 19:49:41 [INFO] Step 2: Selected 1 anchor views: [0]
2025-08-14 19:49:41 [DEBUG] Update selection objective: -36.5394
2025-08-14 19:49:41 [INFO] Step 3: Selected 8 views to update
2025-08-14 19:49:42 [DEBUG] Rendered view 1/8: torch.Size([3, 512, 512])
2025-08-14 19:49:43 [DEBUG] Refined view 1/8: torch.Size([3, 512, 512])
2025-08-14 19:49:44 [DEBUG] Rendered view 2/8: torch.Size([3, 512, 512])
2025-08-14 19:49:45 [DEBUG] Refined view 2/8: torch.Size([3, 512, 512])
2025-08-14 19:49:45 [DEBUG] Rendered view 3/8: torch.Size([3, 512, 512])
2025-08-14 19:49:46 [DEBUG] Refined view 3/8: torch.Size([3, 512, 512])
2025-08-14 19:49:47 [DEBUG] Rendered view 4/8: torch.Size([3, 512, 512])
2025-08-14 19:49:48 [DEBUG] Refined view 4/8: torch.Size([3, 512, 512])
2025-08-14 19:49:49 [DEBUG] Rendered view 5/8: torch.Size([3, 512, 512])
2025-08-14 19:49:50 [DEBUG] Refined view 5/8: torch.Size([3, 512, 512])
2025-08-14 19:49:50 [DEBUG] Rendered view 6/8: torch.Size([3, 512, 512])
2025-08-14 19:49:51 [DEBUG] Refined view 6/8: torch.Size([3, 512, 512])
2025-08-14 19:49:52 [DEBUG] Rendered view 7/8: torch.Size([3, 512, 512])
2025-08-14 19:49:53 [DEBUG] Refined view 7/8: torch.Size([3, 512, 512])
2025-08-14 19:49:54 [DEBUG] Rendered view 8/8: torch.Size([3, 512, 512])
2025-08-14 19:49:55 [DEBUG] Refined view 8/8: torch.Size([3, 512, 512])
2025-08-14 19:49:55 [INFO] Step 4: Rendered and refined 8 images
2025-08-14 19:49:55 [INFO] Fine-tuning model with 8 refined images
2025-08-14 19:49:56 [WARNING] Geometric consistency check failed: Expected all tensors to be on the same device, but found at least two devices, cpu and cuda:0! (when checking argument for argument mat in method wrapper_CUDA_addmv_)
2025-08-14 19:49:56 [DEBUG] Fine-tune iter 0: loss = 0.040000
2025-08-14 19:49:57 [WARNING] Geometric consistency check failed: Expected all tensors to be on the same device, but found at least two devices, cpu and cuda:0! (when checking argument for argument mat in method wrapper_CUDA_addmv_)
2025-08-14 19:49:58 [WARNING] Geometric consistency check failed: Expected all tensors to be on the same device, but found at least two devices, cpu and cuda:0! (when checking argument for argument mat in method wrapper_CUDA_addmv_)
2025-08-14 19:49:59 [WARNING] Geometric consistency check failed: Expected all tensors to be on the same device, but found at least two devices, cpu and cuda:0! (when checking argument for argument mat in method wrapper_CUDA_addmv_)
2025-08-14 19:50:00 [WARNING] Geometric consistency check failed: Expected all tensors to be on the same device, but found at least two devices, cpu and cuda:0! (when checking argument for argument mat in method wrapper_CUDA_addmv_)
2025-08-14 19:50:00 [WARNING] Geometric consistency check failed: Expected all tensors to be on the same device, but found at least two devices, cpu and cuda:0! (when checking argument for argument mat in method wrapper_CUDA_addmv_)
2025-08-14 19:50:01 [WARNING] Geometric consistency check failed: Expected all tensors to be on the same device, but found at least two devices, cpu and cuda:0! (when checking argument for argument mat in method wrapper_CUDA_addmv_)
2025-08-14 19:50:03 [WARNING] Geometric consistency check failed: Expected all tensors to be on the same device, but found at least two devices, cpu and cuda:0! (when checking argument for argument mat in method wrapper_CUDA_addmv_)
2025-08-14 19:50:04 [WARNING] Geometric consistency check failed: Expected all tensors to be on the same device, but found at least two devices, cpu and cuda:0! (when checking argument for argument mat in method wrapper_CUDA_addmv_)
2025-08-14 19:50:05 [WARNING] Geometric consistency check failed: Expected all tensors to be on the same device, but found at least two devices, cpu and cuda:0! (when checking argument for argument mat in method wrapper_CUDA_addmv_)
2025-08-14 19:50:06 [WARNING] Geometric consistency check failed: Expected all tensors to be on the same device, but found at least two devices, cpu and cuda:0! (when checking argument for argument mat in method wrapper_CUDA_addmv_)
2025-08-14 19:50:07 [WARNING] Geometric consistency check failed: Expected all tensors to be on the same device, but found at least two devices, cpu and cuda:0! (when checking argument for argument mat in method wrapper_CUDA_addmv_)
2025-08-14 19:50:07 [WARNING] Geometric consistency check failed: Expected all tensors to be on the same device, but found at least two devices, cpu and cuda:0! (when checking argument for argument mat in method wrapper_CUDA_addmv_)
2025-08-14 19:50:08 [WARNING] Geometric consistency check failed: Expected all tensors to be on the same device, but found at least two devices, cpu and cuda:0! (when checking argument for argument mat in method wrapper_CUDA_addmv_)
2025-08-14 19:50:10 [WARNING] Geometric consistency check failed: Expected all tensors to be on the same device, but found at least two devices, cpu and cuda:0! (when checking argument for argument mat in method wrapper_CUDA_addmv_)
2025-08-14 19:50:11 [WARNING] Geometric consistency check failed: Expected all tensors to be on the same device, but found at least two devices, cpu and cuda:0! (when checking argument for argument mat in method wrapper_CUDA_addmv_)
2025-08-14 19:50:12 [WARNING] Geometric consistency check failed: Expected all tensors to be on the same device, but found at least two devices, cpu and cuda:0! (when checking argument for argument mat in method wrapper_CUDA_addmv_)
2025-08-14 19:50:13 [WARNING] Geometric consistency check failed: Expected all tensors to be on the same device, but found at least two devices, cpu and cuda:0! (when checking argument for argument mat in method wrapper_CUDA_addmv_)
2025-08-14 19:50:13 [WARNING] Geometric consistency check failed: Expected all tensors to be on the same device, but found at least two devices, cpu and cuda:0! (when checking argument for argument mat in method wrapper_CUDA_addmv_)
2025-08-14 19:50:14 [WARNING] Geometric consistency check failed: Expected all tensors to be on the same device, but found at least two devices, cpu and cuda:0! (when checking argument for argument mat in method wrapper_CUDA_addmv_)
2025-08-14 19:50:15 [WARNING] Geometric consistency check failed: Expected all tensors to be on the same device, but found at least two devices, cpu and cuda:0! (when checking argument for argument mat in method wrapper_CUDA_addmv_)
2025-08-14 19:50:16 [WARNING] Geometric consistency check failed: Expected all tensors to be on the same device, but found at least two devices, cpu and cuda:0! (when checking argument for argument mat in method wrapper_CUDA_addmv_)
2025-08-14 19:50:17 [WARNING] Geometric consistency check failed: Expected all tensors to be on the same device, but found at least two devices, cpu and cuda:0! (when checking argument for argument mat in method wrapper_CUDA_addmv_)
2025-08-14 19:50:18 [WARNING] Geometric consistency check failed: Expected all tensors to be on the same device, but found at least two devices, cpu and cuda:0! (when checking argument for argument mat in method wrapper_CUDA_addmv_)
2025-08-14 19:50:19 [WARNING] Geometric consistency check failed: Expected all tensors to be on the same device, but found at least two devices, cpu and cuda:0! (when checking argument for argument mat in method wrapper_CUDA_addmv_)
2025-08-14 19:50:20 [WARNING] Geometric consistency check failed: Expected all tensors to be on the same device, but found at least two devices, cpu and cuda:0! (when checking argument for argument mat in method wrapper_CUDA_addmv_)
2025-08-14 19:50:20 [WARNING] Geometric consistency check failed: Expected all tensors to be on the same device, but found at least two devices, cpu and cuda:0! (when checking argument for argument mat in method wrapper_CUDA_addmv_)
2025-08-14 19:50:21 [WARNING] Geometric consistency check failed: Expected all tensors to be on the same device, but found at least two devices, cpu and cuda:0! (when checking argument for argument mat in method wrapper_CUDA_addmv_)
2025-08-14 19:50:22 [WARNING] Geometric consistency check failed: Expected all tensors to be on the same device, but found at least two devices, cpu and cuda:0! (when checking argument for argument mat in method wrapper_CUDA_addmv_)
2025-08-14 19:50:24 [WARNING] Geometric consistency check failed: Expected all tensors to be on the same device, but found at least two devices, cpu and cuda:0! (when checking argument for argument mat in method wrapper_CUDA_addmv_)
2025-08-14 19:50:25 [WARNING] Geometric consistency check failed: Expected all tensors to be on the same device, but found at least two devices, cpu and cuda:0! (when checking argument for argument mat in method wrapper_CUDA_addmv_)
2025-08-14 19:50:26 [WARNING] Geometric consistency check failed: Expected all tensors to be on the same device, but found at least two devices, cpu and cuda:0! (when checking argument for argument mat in method wrapper_CUDA_addmv_)
2025-08-14 19:50:27 [WARNING] Geometric consistency check failed: Expected all tensors to be on the same device, but found at least two devices, cpu and cuda:0! (when checking argument for argument mat in method wrapper_CUDA_addmv_)
2025-08-14 19:50:28 [WARNING] Geometric consistency check failed: Expected all tensors to be on the same device, but found at least two devices, cpu and cuda:0! (when checking argument for argument mat in method wrapper_CUDA_addmv_)
2025-08-14 19:50:29 [WARNING] Geometric consistency check failed: Expected all tensors to be on the same device, but found at least two devices, cpu and cuda:0! (when checking argument for argument mat in method wrapper_CUDA_addmv_)
2025-08-14 19:50:30 [WARNING] Geometric consistency check failed: Expected all tensors to be on the same device, but found at least two devices, cpu and cuda:0! (when checking argument for argument mat in method wrapper_CUDA_addmv_)
2025-08-14 19:50:31 [WARNING] Geometric consistency check failed: Expected all tensors to be on the same device, but found at least two devices, cpu and cuda:0! (when checking argument for argument mat in method wrapper_CUDA_addmv_)
2025-08-14 19:50:32 [WARNING] Geometric consistency check failed: Expected all tensors to be on the same device, but found at least two devices, cpu and cuda:0! (when checking argument for argument mat in method wrapper_CUDA_addmv_)
2025-08-14 19:50:33 [WARNING] Geometric consistency check failed: Expected all tensors to be on the same device, but found at least two devices, cpu and cuda:0! (when checking argument for argument mat in method wrapper_CUDA_addmv_)
2025-08-14 19:50:34 [WARNING] Geometric consistency check failed: Expected all tensors to be on the same device, but found at least two devices, cpu and cuda:0! (when checking argument for argument mat in method wrapper_CUDA_addmv_)
2025-08-14 19:50:35 [WARNING] Geometric consistency check failed: Expected all tensors to be on the same device, but found at least two devices, cpu and cuda:0! (when checking argument for argument mat in method wrapper_CUDA_addmv_)
2025-08-14 19:50:36 [WARNING] Geometric consistency check failed: Expected all tensors to be on the same device, but found at least two devices, cpu and cuda:0! (when checking argument for argument mat in method wrapper_CUDA_addmv_)
2025-08-14 19:50:36 [WARNING] Geometric consistency check failed: Expected all tensors to be on the same device, but found at least two devices, cpu and cuda:0! (when checking argument for argument mat in method wrapper_CUDA_addmv_)
2025-08-14 19:50:37 [WARNING] Geometric consistency check failed: Expected all tensors to be on the same device, but found at least two devices, cpu and cuda:0! (when checking argument for argument mat in method wrapper_CUDA_addmv_)
2025-08-14 19:50:38 [WARNING] Geometric consistency check failed: Expected all tensors to be on the same device, but found at least two devices, cpu and cuda:0! (when checking argument for argument mat in method wrapper_CUDA_addmv_)
2025-08-14 19:50:39 [WARNING] Geometric consistency check failed: Expected all tensors to be on the same device, but found at least two devices, cpu and cuda:0! (when checking argument for argument mat in method wrapper_CUDA_addmv_)
2025-08-14 19:50:40 [WARNING] Geometric consistency check failed: Expected all tensors to be on the same device, but found at least two devices, cpu and cuda:0! (when checking argument for argument mat in method wrapper_CUDA_addmv_)
2025-08-14 19:50:41 [WARNING] Geometric consistency check failed: Expected all tensors to be on the same device, but found at least two devices, cpu and cuda:0! (when checking argument for argument mat in method wrapper_CUDA_addmv_)
2025-08-14 19:50:42 [WARNING] Geometric consistency check failed: Expected all tensors to be on the same device, but found at least two devices, cpu and cuda:0! (when checking argument for argument mat in method wrapper_CUDA_addmv_)
2025-08-14 19:50:43 [WARNING] Geometric consistency check failed: Expected all tensors to be on the same device, but found at least two devices, cpu and cuda:0! (when checking argument for argument mat in method wrapper_CUDA_addmv_)
2025-08-14 19:50:44 [WARNING] Geometric consistency check failed: Expected all tensors to be on the same device, but found at least two devices, cpu and cuda:0! (when checking argument for argument mat in method wrapper_CUDA_addmv_)
2025-08-14 19:50:45 [WARNING] Geometric consistency check failed: Expected all tensors to be on the same device, but found at least two devices, cpu and cuda:0! (when checking argument for argument mat in method wrapper_CUDA_addmv_)
2025-08-14 19:50:46 [WARNING] Geometric consistency check failed: Expected all tensors to be on the same device, but found at least two devices, cpu and cuda:0! (when checking argument for argument mat in method wrapper_CUDA_addmv_)
2025-08-14 19:50:47 [WARNING] Geometric consistency check failed: Expected all tensors to be on the same device, but found at least two devices, cpu and cuda:0! (when checking argument for argument mat in method wrapper_CUDA_addmv_)
2025-08-14 19:50:48 [WARNING] Geometric consistency check failed: Expected all tensors to be on the same device, but found at least two devices, cpu and cuda:0! (when checking argument for argument mat in method wrapper_CUDA_addmv_)
2025-08-14 19:50:49 [WARNING] Geometric consistency check failed: Expected all tensors to be on the same device, but found at least two devices, cpu and cuda:0! (when checking argument for argument mat in method wrapper_CUDA_addmv_)
2025-08-14 19:50:50 [WARNING] Geometric consistency check failed: Expected all tensors to be on the same device, but found at least two devices, cpu and cuda:0! (when checking argument for argument mat in method wrapper_CUDA_addmv_)
2025-08-14 19:50:51 [WARNING] Geometric consistency check failed: Expected all tensors to be on the same device, but found at least two devices, cpu and cuda:0! (when checking argument for argument mat in method wrapper_CUDA_addmv_)
2025-08-14 19:50:51 [WARNING] Geometric consistency check failed: Expected all tensors to be on the same device, but found at least two devices, cpu and cuda:0! (when checking argument for argument mat in method wrapper_CUDA_addmv_)
2025-08-14 19:50:52 [WARNING] Geometric consistency check failed: Expected all tensors to be on the same device, but found at least two devices, cpu and cuda:0! (when checking argument for argument mat in method wrapper_CUDA_addmv_)
2025-08-14 19:50:53 [WARNING] Geometric consistency check failed: Expected all tensors to be on the same device, but found at least two devices, cpu and cuda:0! (when checking argument for argument mat in method wrapper_CUDA_addmv_)
2025-08-14 19:50:54 [WARNING] Geometric consistency check failed: Expected all tensors to be on the same device, but found at least two devices, cpu and cuda:0! (when checking argument for argument mat in method wrapper_CUDA_addmv_)
2025-08-14 19:50:55 [WARNING] Geometric consistency check failed: Expected all tensors to be on the same device, but found at least two devices, cpu and cuda:0! (when checking argument for argument mat in method wrapper_CUDA_addmv_)
2025-08-14 19:50:56 [WARNING] Geometric consistency check failed: Expected all tensors to be on the same device, but found at least two devices, cpu and cuda:0! (when checking argument for argument mat in method wrapper_CUDA_addmv_)
2025-08-14 19:50:57 [WARNING] Geometric consistency check failed: Expected all tensors to be on the same device, but found at least two devices, cpu and cuda:0! (when checking argument for argument mat in method wrapper_CUDA_addmv_)
2025-08-14 19:50:58 [WARNING] Geometric consistency check failed: Expected all tensors to be on the same device, but found at least two devices, cpu and cuda:0! (when checking argument for argument mat in method wrapper_CUDA_addmv_)
2025-08-14 19:50:59 [WARNING] Geometric consistency check failed: Expected all tensors to be on the same device, but found at least two devices, cpu and cuda:0! (when checking argument for argument mat in method wrapper_CUDA_addmv_)
2025-08-14 19:50:59 [WARNING] Geometric consistency check failed: Expected all tensors to be on the same device, but found at least two devices, cpu and cuda:0! (when checking argument for argument mat in method wrapper_CUDA_addmv_)
2025-08-14 19:51:00 [WARNING] Geometric consistency check failed: Expected all tensors to be on the same device, but found at least two devices, cpu and cuda:0! (when checking argument for argument mat in method wrapper_CUDA_addmv_)
2025-08-14 19:51:01 [WARNING] Geometric consistency check failed: Expected all tensors to be on the same device, but found at least two devices, cpu and cuda:0! (when checking argument for argument mat in method wrapper_CUDA_addmv_)
2025-08-14 19:51:02 [WARNING] Geometric consistency check failed: Expected all tensors to be on the same device, but found at least two devices, cpu and cuda:0! (when checking argument for argument mat in method wrapper_CUDA_addmv_)
2025-08-14 19:51:04 [WARNING] Geometric consistency check failed: Expected all tensors to be on the same device, but found at least two devices, cpu and cuda:0! (when checking argument for argument mat in method wrapper_CUDA_addmv_)
2025-08-14 19:51:04 [WARNING] Geometric consistency check failed: Expected all tensors to be on the same device, but found at least two devices, cpu and cuda:0! (when checking argument for argument mat in method wrapper_CUDA_addmv_)
2025-08-14 19:51:06 [WARNING] Geometric consistency check failed: Expected all tensors to be on the same device, but found at least two devices, cpu and cuda:0! (when checking argument for argument mat in method wrapper_CUDA_addmv_)
2025-08-14 19:51:07 [WARNING] Geometric consistency check failed: Expected all tensors to be on the same device, but found at least two devices, cpu and cuda:0! (when checking argument for argument mat in method wrapper_CUDA_addmv_)
2025-08-14 19:51:08 [WARNING] Geometric consistency check failed: Expected all tensors to be on the same device, but found at least two devices, cpu and cuda:0! (when checking argument for argument mat in method wrapper_CUDA_addmv_)
2025-08-14 19:51:09 [WARNING] Geometric consistency check failed: Expected all tensors to be on the same device, but found at least two devices, cpu and cuda:0! (when checking argument for argument mat in method wrapper_CUDA_addmv_)
2025-08-14 19:51:10 [WARNING] Geometric consistency check failed: Expected all tensors to be on the same device, but found at least two devices, cpu and cuda:0! (when checking argument for argument mat in method wrapper_CUDA_addmv_)
2025-08-14 19:51:11 [WARNING] Geometric consistency check failed: Expected all tensors to be on the same device, but found at least two devices, cpu and cuda:0! (when checking argument for argument mat in method wrapper_CUDA_addmv_)
