2025-08-14 19:54:48 [INFO] Logging to file: outputs\closeup_gs_20250814_195448.log
2025-08-14 19:54:48 [INFO] GPU: NVIDIA GeForce RTX 3070 Ti Laptop GPU
2025-08-14 19:54:48 [INFO] NVIDIA RTX 3070Ti detected - applying optimizations
2025-08-14 19:54:48 [INFO] Automatic Mixed Precision enabled for 3070Ti
2025-08-14 19:54:48 [INFO] Applied aggressive memory management for RTX 3070Ti
2025-08-14 19:54:48 [INFO] GPU memory fraction set to 0.75
2025-08-14 19:54:48 [INFO] Applied additional memory optimizations for 8GB GPU
2025-08-14 19:54:48 [INFO] Close-up-GS Training initialized
2025-08-14 19:54:48 [INFO] Device: cuda:0
2025-08-14 19:54:48 [INFO] Debug mode: True
2025-08-14 19:54:48 [INFO] Batch size: 1
2025-08-14 19:54:48 [INFO] LPIPS metric initialized
2025-08-14 19:54:48 [WARNING] DINO not available. Install dino-vit-features for no-reference evaluation
2025-08-14 19:54:48 [INFO] === Starting Complete Close-up-GS Training ===
2025-08-14 19:54:48 [INFO] Step 7.1: Loading dataset...
2025-08-14 19:54:48 [INFO] Loaded synthetic dataset: 1 samples
2025-08-14 19:54:48 [INFO] Dataset statistics:
2025-08-14 19:54:48 [INFO]   Total samples: 1
2025-08-14 19:54:48 [INFO]   Training views: 1
2025-08-14 19:54:48 [INFO]   Close-up test samples: 1
2025-08-14 19:54:48 [INFO] Step 7.2: Initial GSModel optimization (10 iterations)...
2025-08-14 19:54:48 [INFO] ProgressiveTrainer initialized
2025-08-14 19:54:48 [INFO]   Rounds: 3
2025-08-14 19:54:48 [INFO]   Scales: [3, 9, 27]
2025-08-14 19:54:48 [INFO]   Anchor count: 5
2025-08-14 19:54:48 [INFO]   Update count: 8
2025-08-14 19:54:49 [INFO] CloseupGS Trainer initialized
2025-08-14 19:54:49 [INFO]   Device: cuda:0
2025-08-14 19:54:49 [INFO]   Training views: 1
2025-08-14 19:54:49 [INFO]   Close-up test views: 1
2025-08-14 19:54:49 [INFO]   Baseline iterations: 10
2025-08-14 19:54:49 [INFO]   Refinement iterations: 5
2025-08-14 19:54:49 [INFO]   Fine-tuning iterations: 5
2025-08-14 19:54:49 [INFO] Starting baseline GSModel training...
2025-08-14 19:54:49 [INFO] Phase 1: Training baseline GSModel (10 iterations)
2025-08-14 19:54:50 [INFO] Baseline iter 0: loss=0.578603, gaussians=200
2025-08-14 19:54:57 [INFO] Checkpoint saved: outputs\closeup_gs_baseline_final.pth
2025-08-14 19:54:57 [INFO] Baseline training completed in 8.1s
2025-08-14 19:54:57 [INFO] Initial optimization completed in 8.5s
2025-08-14 19:54:57 [INFO] Final Gaussians count: 200
2025-08-14 19:54:57 [INFO] Step 7.3: Progressive update (3 rounds)...
2025-08-14 19:54:57 [INFO] Starting progressive self-training...
2025-08-14 19:54:57 [INFO] Starting progressive update: 3 rounds
2025-08-14 19:54:57 [INFO] Scales: [3, 9, 27]
2025-08-14 19:54:57 [INFO] Initial training views: 1
2025-08-14 19:54:57 [INFO] 
=== Progressive Round 1/3 ===
2025-08-14 19:54:57 [INFO] Scale factor: 3
2025-08-14 19:54:57 [DEBUG] Base distance: 3.310
2025-08-14 19:54:57 [DEBUG] Frontier distance threshold: 1.103
2025-08-14 19:54:57 [INFO] Step 1: Set 12 frontier views
2025-08-14 19:54:57 [DEBUG] Anchor selection objective: 0.0000
2025-08-14 19:54:57 [INFO] Step 2: Selected 1 anchor views: [0]
2025-08-14 19:54:57 [DEBUG] Update selection objective: -34.7004
2025-08-14 19:54:57 [INFO] Step 3: Selected 8 views to update
2025-08-14 19:54:57 [DEBUG] Rendered view 1/8: torch.Size([3, 512, 512])
2025-08-14 19:54:59 [DEBUG] Refined view 1/8: torch.Size([3, 512, 512])
2025-08-14 19:54:59 [DEBUG] Rendered view 2/8: torch.Size([3, 512, 512])
2025-08-14 19:55:00 [DEBUG] Refined view 2/8: torch.Size([3, 512, 512])
2025-08-14 19:55:01 [DEBUG] Rendered view 3/8: torch.Size([3, 512, 512])
2025-08-14 19:55:02 [DEBUG] Refined view 3/8: torch.Size([3, 512, 512])
2025-08-14 19:55:03 [DEBUG] Rendered view 4/8: torch.Size([3, 512, 512])
2025-08-14 19:55:04 [DEBUG] Refined view 4/8: torch.Size([3, 512, 512])
2025-08-14 19:55:04 [DEBUG] Rendered view 5/8: torch.Size([3, 512, 512])
2025-08-14 19:55:06 [DEBUG] Refined view 5/8: torch.Size([3, 512, 512])
2025-08-14 19:55:06 [DEBUG] Rendered view 6/8: torch.Size([3, 512, 512])
2025-08-14 19:55:07 [DEBUG] Refined view 6/8: torch.Size([3, 512, 512])
2025-08-14 19:55:08 [DEBUG] Rendered view 7/8: torch.Size([3, 512, 512])
2025-08-14 19:55:09 [DEBUG] Refined view 7/8: torch.Size([3, 512, 512])
2025-08-14 19:55:10 [DEBUG] Rendered view 8/8: torch.Size([3, 512, 512])
2025-08-14 19:55:11 [DEBUG] Refined view 8/8: torch.Size([3, 512, 512])
2025-08-14 19:55:11 [INFO] Step 4: Rendered and refined 8 images
2025-08-14 19:55:11 [INFO] Fine-tuning model with 8 refined images
2025-08-14 19:55:12 [WARNING] Geometric consistency check failed: Expected all tensors to be on the same device, but found at least two devices, cpu and cuda:0! (when checking argument for argument mat in method wrapper_CUDA_addmv_)
2025-08-14 19:55:12 [DEBUG] Fine-tune iter 0: loss = 0.040001
2025-08-14 19:55:13 [WARNING] Geometric consistency check failed: Expected all tensors to be on the same device, but found at least two devices, cpu and cuda:0! (when checking argument for argument mat in method wrapper_CUDA_addmv_)
2025-08-14 19:55:14 [WARNING] Geometric consistency check failed: Expected all tensors to be on the same device, but found at least two devices, cpu and cuda:0! (when checking argument for argument mat in method wrapper_CUDA_addmv_)
2025-08-14 19:55:15 [WARNING] Geometric consistency check failed: Expected all tensors to be on the same device, but found at least two devices, cpu and cuda:0! (when checking argument for argument mat in method wrapper_CUDA_addmv_)
2025-08-14 19:55:16 [WARNING] Geometric consistency check failed: Expected all tensors to be on the same device, but found at least two devices, cpu and cuda:0! (when checking argument for argument mat in method wrapper_CUDA_addmv_)
2025-08-14 19:55:17 [WARNING] Geometric consistency check failed: Expected all tensors to be on the same device, but found at least two devices, cpu and cuda:0! (when checking argument for argument mat in method wrapper_CUDA_addmv_)
2025-08-14 19:55:18 [WARNING] Geometric consistency check failed: Expected all tensors to be on the same device, but found at least two devices, cpu and cuda:0! (when checking argument for argument mat in method wrapper_CUDA_addmv_)
2025-08-14 19:55:19 [WARNING] Geometric consistency check failed: Expected all tensors to be on the same device, but found at least two devices, cpu and cuda:0! (when checking argument for argument mat in method wrapper_CUDA_addmv_)
2025-08-14 19:55:21 [WARNING] Geometric consistency check failed: Expected all tensors to be on the same device, but found at least two devices, cpu and cuda:0! (when checking argument for argument mat in method wrapper_CUDA_addmv_)
2025-08-14 19:55:22 [WARNING] Geometric consistency check failed: Expected all tensors to be on the same device, but found at least two devices, cpu and cuda:0! (when checking argument for argument mat in method wrapper_CUDA_addmv_)
2025-08-14 19:55:23 [WARNING] Geometric consistency check failed: Expected all tensors to be on the same device, but found at least two devices, cpu and cuda:0! (when checking argument for argument mat in method wrapper_CUDA_addmv_)
2025-08-14 19:55:24 [WARNING] Geometric consistency check failed: Expected all tensors to be on the same device, but found at least two devices, cpu and cuda:0! (when checking argument for argument mat in method wrapper_CUDA_addmv_)
2025-08-14 19:55:25 [WARNING] Geometric consistency check failed: Expected all tensors to be on the same device, but found at least two devices, cpu and cuda:0! (when checking argument for argument mat in method wrapper_CUDA_addmv_)
2025-08-14 19:55:26 [WARNING] Geometric consistency check failed: Expected all tensors to be on the same device, but found at least two devices, cpu and cuda:0! (when checking argument for argument mat in method wrapper_CUDA_addmv_)
2025-08-14 19:55:28 [WARNING] Geometric consistency check failed: Expected all tensors to be on the same device, but found at least two devices, cpu and cuda:0! (when checking argument for argument mat in method wrapper_CUDA_addmv_)
2025-08-14 19:55:29 [WARNING] Geometric consistency check failed: Expected all tensors to be on the same device, but found at least two devices, cpu and cuda:0! (when checking argument for argument mat in method wrapper_CUDA_addmv_)
2025-08-14 19:55:30 [WARNING] Geometric consistency check failed: Expected all tensors to be on the same device, but found at least two devices, cpu and cuda:0! (when checking argument for argument mat in method wrapper_CUDA_addmv_)
2025-08-14 19:55:31 [WARNING] Geometric consistency check failed: Expected all tensors to be on the same device, but found at least two devices, cpu and cuda:0! (when checking argument for argument mat in method wrapper_CUDA_addmv_)
2025-08-14 19:55:32 [WARNING] Geometric consistency check failed: Expected all tensors to be on the same device, but found at least two devices, cpu and cuda:0! (when checking argument for argument mat in method wrapper_CUDA_addmv_)
2025-08-14 19:55:33 [WARNING] Geometric consistency check failed: Expected all tensors to be on the same device, but found at least two devices, cpu and cuda:0! (when checking argument for argument mat in method wrapper_CUDA_addmv_)
2025-08-14 19:55:34 [WARNING] Geometric consistency check failed: Expected all tensors to be on the same device, but found at least two devices, cpu and cuda:0! (when checking argument for argument mat in method wrapper_CUDA_addmv_)
2025-08-14 19:55:35 [WARNING] Geometric consistency check failed: Expected all tensors to be on the same device, but found at least two devices, cpu and cuda:0! (when checking argument for argument mat in method wrapper_CUDA_addmv_)
2025-08-14 19:55:36 [WARNING] Geometric consistency check failed: Expected all tensors to be on the same device, but found at least two devices, cpu and cuda:0! (when checking argument for argument mat in method wrapper_CUDA_addmv_)
2025-08-14 19:55:38 [WARNING] Geometric consistency check failed: Expected all tensors to be on the same device, but found at least two devices, cpu and cuda:0! (when checking argument for argument mat in method wrapper_CUDA_addmv_)
2025-08-14 19:55:39 [WARNING] Geometric consistency check failed: Expected all tensors to be on the same device, but found at least two devices, cpu and cuda:0! (when checking argument for argument mat in method wrapper_CUDA_addmv_)
2025-08-14 19:55:40 [WARNING] Geometric consistency check failed: Expected all tensors to be on the same device, but found at least two devices, cpu and cuda:0! (when checking argument for argument mat in method wrapper_CUDA_addmv_)
2025-08-14 19:55:41 [WARNING] Geometric consistency check failed: Expected all tensors to be on the same device, but found at least two devices, cpu and cuda:0! (when checking argument for argument mat in method wrapper_CUDA_addmv_)
2025-08-14 19:55:42 [WARNING] Geometric consistency check failed: Expected all tensors to be on the same device, but found at least two devices, cpu and cuda:0! (when checking argument for argument mat in method wrapper_CUDA_addmv_)
2025-08-14 19:55:43 [WARNING] Geometric consistency check failed: Expected all tensors to be on the same device, but found at least two devices, cpu and cuda:0! (when checking argument for argument mat in method wrapper_CUDA_addmv_)
2025-08-14 19:55:44 [WARNING] Geometric consistency check failed: Expected all tensors to be on the same device, but found at least two devices, cpu and cuda:0! (when checking argument for argument mat in method wrapper_CUDA_addmv_)
2025-08-14 19:55:45 [WARNING] Geometric consistency check failed: Expected all tensors to be on the same device, but found at least two devices, cpu and cuda:0! (when checking argument for argument mat in method wrapper_CUDA_addmv_)
2025-08-14 19:55:46 [WARNING] Geometric consistency check failed: Expected all tensors to be on the same device, but found at least two devices, cpu and cuda:0! (when checking argument for argument mat in method wrapper_CUDA_addmv_)
2025-08-14 19:55:47 [WARNING] Geometric consistency check failed: Expected all tensors to be on the same device, but found at least two devices, cpu and cuda:0! (when checking argument for argument mat in method wrapper_CUDA_addmv_)
2025-08-14 19:55:49 [WARNING] Geometric consistency check failed: Expected all tensors to be on the same device, but found at least two devices, cpu and cuda:0! (when checking argument for argument mat in method wrapper_CUDA_addmv_)
2025-08-14 19:55:50 [WARNING] Geometric consistency check failed: Expected all tensors to be on the same device, but found at least two devices, cpu and cuda:0! (when checking argument for argument mat in method wrapper_CUDA_addmv_)
2025-08-14 19:55:51 [WARNING] Geometric consistency check failed: Expected all tensors to be on the same device, but found at least two devices, cpu and cuda:0! (when checking argument for argument mat in method wrapper_CUDA_addmv_)
2025-08-14 19:55:52 [WARNING] Geometric consistency check failed: Expected all tensors to be on the same device, but found at least two devices, cpu and cuda:0! (when checking argument for argument mat in method wrapper_CUDA_addmv_)
2025-08-14 19:55:53 [WARNING] Geometric consistency check failed: Expected all tensors to be on the same device, but found at least two devices, cpu and cuda:0! (when checking argument for argument mat in method wrapper_CUDA_addmv_)
2025-08-14 19:55:54 [WARNING] Geometric consistency check failed: Expected all tensors to be on the same device, but found at least two devices, cpu and cuda:0! (when checking argument for argument mat in method wrapper_CUDA_addmv_)
2025-08-14 19:55:55 [WARNING] Geometric consistency check failed: Expected all tensors to be on the same device, but found at least two devices, cpu and cuda:0! (when checking argument for argument mat in method wrapper_CUDA_addmv_)
2025-08-14 19:55:56 [WARNING] Geometric consistency check failed: Expected all tensors to be on the same device, but found at least two devices, cpu and cuda:0! (when checking argument for argument mat in method wrapper_CUDA_addmv_)
2025-08-14 19:55:58 [WARNING] Geometric consistency check failed: Expected all tensors to be on the same device, but found at least two devices, cpu and cuda:0! (when checking argument for argument mat in method wrapper_CUDA_addmv_)
2025-08-14 19:55:59 [WARNING] Geometric consistency check failed: Expected all tensors to be on the same device, but found at least two devices, cpu and cuda:0! (when checking argument for argument mat in method wrapper_CUDA_addmv_)
2025-08-14 19:56:00 [WARNING] Geometric consistency check failed: Expected all tensors to be on the same device, but found at least two devices, cpu and cuda:0! (when checking argument for argument mat in method wrapper_CUDA_addmv_)
2025-08-14 19:56:01 [WARNING] Geometric consistency check failed: Expected all tensors to be on the same device, but found at least two devices, cpu and cuda:0! (when checking argument for argument mat in method wrapper_CUDA_addmv_)
2025-08-14 19:56:02 [WARNING] Geometric consistency check failed: Expected all tensors to be on the same device, but found at least two devices, cpu and cuda:0! (when checking argument for argument mat in method wrapper_CUDA_addmv_)
2025-08-14 19:56:03 [WARNING] Geometric consistency check failed: Expected all tensors to be on the same device, but found at least two devices, cpu and cuda:0! (when checking argument for argument mat in method wrapper_CUDA_addmv_)
