2025-08-14 21:11:11 [INFO] Logging to file: outputs\closeup_gs_20250814_211111.log
2025-08-14 21:11:11 [INFO] GPU: NVIDIA GeForce RTX 3070 Ti Laptop GPU
2025-08-14 21:11:11 [INFO] NVIDIA RTX 3070Ti detected - applying optimizations
2025-08-14 21:11:11 [INFO] Automatic Mixed Precision enabled for 3070Ti
2025-08-14 21:11:11 [INFO] Applied aggressive memory management for RTX 3070Ti
2025-08-14 21:11:11 [INFO] GPU memory fraction set to 0.75
2025-08-14 21:11:11 [INFO] Applied additional memory optimizations for 8GB GPU
2025-08-14 21:11:11 [INFO] Close-up-GS Training initialized
2025-08-14 21:11:11 [INFO] Device: cuda:0
2025-08-14 21:11:11 [INFO] Debug mode: True
2025-08-14 21:11:11 [INFO] Batch size: 1
2025-08-14 21:11:12 [INFO] LPIPS metric initialized
2025-08-14 21:11:12 [WARNING] DINO not available. Install dino-vit-features for no-reference evaluation
2025-08-14 21:11:12 [INFO] === Starting Complete Close-up-GS Training ===
2025-08-14 21:11:12 [INFO] Step 7.1: Loading dataset...
2025-08-14 21:11:12 [INFO] Loaded synthetic dataset: 1 samples
2025-08-14 21:11:12 [INFO] Dataset statistics:
2025-08-14 21:11:12 [INFO]   Total samples: 1
2025-08-14 21:11:12 [INFO]   Training views: 1
2025-08-14 21:11:12 [INFO]   Close-up test samples: 1
2025-08-14 21:11:12 [INFO] Saving 1 original training images...
2025-08-14 21:11:12 [INFO] Saving 1 original close-up test images...
2025-08-14 21:11:12 [INFO] Original images saved to: outputs\original_images
2025-08-14 21:11:12 [INFO] Step 7.2: Initial GSModel optimization (10 iterations)...
2025-08-14 21:11:12 [INFO] ProgressiveTrainer initialized
2025-08-14 21:11:12 [INFO]   Rounds: 3
2025-08-14 21:11:12 [INFO]   Scales: [3, 9, 27]
2025-08-14 21:11:12 [INFO]   Anchor count: 5
2025-08-14 21:11:12 [INFO]   Update count: 8
2025-08-14 21:11:12 [INFO] CloseupGS Trainer initialized
2025-08-14 21:11:12 [INFO]   Device: cuda:0
2025-08-14 21:11:12 [INFO]   Training views: 1
2025-08-14 21:11:12 [INFO]   Close-up test views: 1
2025-08-14 21:11:12 [INFO]   Baseline iterations: 10
2025-08-14 21:11:12 [INFO]   Refinement iterations: 5
2025-08-14 21:11:12 [INFO]   Fine-tuning iterations: 5
2025-08-14 21:11:12 [INFO] Starting baseline GSModel training...
2025-08-14 21:11:12 [INFO] Phase 1: Training baseline GSModel (10 iterations)
2025-08-14 21:11:14 [INFO] Baseline iter 0: loss=0.578603, gaussians=200
2025-08-14 21:11:21 [INFO] Checkpoint saved: outputs\closeup_gs_baseline_final.pth
2025-08-14 21:11:21 [INFO] Baseline training completed in 9.0s
2025-08-14 21:11:21 [INFO] Initial optimization completed in 9.4s
2025-08-14 21:11:21 [INFO] Final Gaussians count: 200
2025-08-14 21:11:21 [INFO] Saving baseline model rendering results...
2025-08-14 21:11:22 [INFO] Baseline results saved to: outputs\baseline_results
2025-08-14 21:11:22 [INFO] Step 7.3: Progressive update (3 rounds)...
2025-08-14 21:11:22 [INFO] Starting progressive self-training...
2025-08-14 21:11:22 [INFO] Starting progressive update: 3 rounds
2025-08-14 21:11:22 [INFO] Scales: [3, 9, 27]
2025-08-14 21:11:22 [INFO] Initial training views: 1
2025-08-14 21:11:22 [INFO] 
=== Progressive Round 1/3 ===
2025-08-14 21:11:22 [INFO] Scale factor: 3
2025-08-14 21:11:22 [DEBUG] Base distance: 3.666
2025-08-14 21:11:22 [DEBUG] Frontier distance threshold: 1.222
2025-08-14 21:11:22 [INFO] Step 1: Set 12 frontier views
2025-08-14 21:11:23 [DEBUG] Anchor selection objective: 0.0000
2025-08-14 21:11:23 [INFO] Step 2: Selected 1 anchor views: [0]
2025-08-14 21:11:23 [DEBUG] Update selection objective: -34.1715
2025-08-14 21:11:23 [INFO] Step 3: Selected 8 views to update
2025-08-14 21:11:23 [DEBUG] Rendered view 1/8: torch.Size([3, 512, 512])
2025-08-14 21:11:25 [DEBUG] Refined view 1/8: torch.Size([3, 512, 512])
2025-08-14 21:11:25 [DEBUG] Rendered view 2/8: torch.Size([3, 512, 512])
2025-08-14 21:11:26 [DEBUG] Refined view 2/8: torch.Size([3, 512, 512])
2025-08-14 21:11:27 [DEBUG] Rendered view 3/8: torch.Size([3, 512, 512])
2025-08-14 21:11:28 [DEBUG] Refined view 3/8: torch.Size([3, 512, 512])
2025-08-14 21:11:29 [DEBUG] Rendered view 4/8: torch.Size([3, 512, 512])
2025-08-14 21:11:30 [DEBUG] Refined view 4/8: torch.Size([3, 512, 512])
2025-08-14 21:11:30 [DEBUG] Rendered view 5/8: torch.Size([3, 512, 512])
2025-08-14 21:11:32 [DEBUG] Refined view 5/8: torch.Size([3, 512, 512])
2025-08-14 21:11:32 [DEBUG] Rendered view 6/8: torch.Size([3, 512, 512])
2025-08-14 21:11:33 [DEBUG] Refined view 6/8: torch.Size([3, 512, 512])
2025-08-14 21:11:34 [DEBUG] Rendered view 7/8: torch.Size([3, 512, 512])
2025-08-14 21:11:35 [DEBUG] Refined view 7/8: torch.Size([3, 512, 512])
2025-08-14 21:11:36 [DEBUG] Rendered view 8/8: torch.Size([3, 512, 512])
2025-08-14 21:11:37 [DEBUG] Refined view 8/8: torch.Size([3, 512, 512])
2025-08-14 21:11:37 [INFO] Step 4: Rendered and refined 8 images
2025-08-14 21:11:37 [INFO] Fine-tuning model with 8 refined images
2025-08-14 21:11:38 [DEBUG] Fine-tune iter 0: loss = 0.040000
2025-08-14 21:11:39 [DEBUG] Fine-tune iter 1: loss = 0.040000
2025-08-14 21:11:40 [DEBUG] Fine-tune iter 2: loss = 0.040000
2025-08-14 21:11:41 [DEBUG] Fine-tune iter 3: loss = 0.040000
2025-08-14 21:11:42 [DEBUG] Fine-tune iter 4: loss = 0.040000
2025-08-14 21:11:46 [INFO] Fine-tuning completed: avg_loss = 0.040000
2025-08-14 21:11:46 [INFO] Step 5: Fine-tuning completed
2025-08-14 21:11:46 [DEBUG] Added 8 refined views to training set
2025-08-14 21:11:46 [INFO] Round 1 completed
2025-08-14 21:11:46 [INFO] Updated training views: 9
2025-08-14 21:11:46 [INFO] Round metrics: {'psnr': inf, 'ssim': 1.0, 'num_views': 8}
2025-08-14 21:11:46 [INFO] 
=== Progressive Round 2/3 ===
2025-08-14 21:11:46 [INFO] Scale factor: 9
2025-08-14 21:11:46 [DEBUG] Base distance: 1.494
2025-08-14 21:11:46 [DEBUG] Frontier distance threshold: 0.166
2025-08-14 21:11:46 [INFO] Step 1: Set 12 frontier views
2025-08-14 21:11:47 [DEBUG] Anchor selection objective: -10.9031
2025-08-14 21:11:47 [INFO] Step 2: Selected 5 anchor views: [0, 1, 4, 5, 6]
2025-08-14 21:11:47 [DEBUG] Update selection objective: -43.4712
2025-08-14 21:11:47 [INFO] Step 3: Selected 8 views to update
2025-08-14 21:11:47 [DEBUG] Rendered view 1/8: torch.Size([3, 512, 512])
2025-08-14 21:11:50 [DEBUG] Refined view 1/8: torch.Size([3, 512, 512])
2025-08-14 21:11:50 [DEBUG] Rendered view 2/8: torch.Size([3, 512, 512])
2025-08-14 21:11:52 [DEBUG] Refined view 2/8: torch.Size([3, 512, 512])
2025-08-14 21:11:53 [DEBUG] Rendered view 3/8: torch.Size([3, 512, 512])
2025-08-14 21:11:55 [DEBUG] Refined view 3/8: torch.Size([3, 512, 512])
2025-08-14 21:11:56 [DEBUG] Rendered view 4/8: torch.Size([3, 512, 512])
2025-08-14 21:11:58 [DEBUG] Refined view 4/8: torch.Size([3, 512, 512])
2025-08-14 21:11:59 [DEBUG] Rendered view 5/8: torch.Size([3, 512, 512])
2025-08-14 21:12:01 [DEBUG] Refined view 5/8: torch.Size([3, 512, 512])
2025-08-14 21:12:01 [DEBUG] Rendered view 6/8: torch.Size([3, 512, 512])
2025-08-14 21:12:03 [DEBUG] Refined view 6/8: torch.Size([3, 512, 512])
2025-08-14 21:12:04 [DEBUG] Rendered view 7/8: torch.Size([3, 512, 512])
2025-08-14 21:12:06 [DEBUG] Refined view 7/8: torch.Size([3, 512, 512])
2025-08-14 21:12:07 [DEBUG] Rendered view 8/8: torch.Size([3, 512, 512])
2025-08-14 21:12:09 [DEBUG] Refined view 8/8: torch.Size([3, 512, 512])
2025-08-14 21:12:09 [INFO] Step 4: Rendered and refined 8 images
2025-08-14 21:12:09 [INFO] Fine-tuning model with 8 refined images
2025-08-14 21:12:10 [DEBUG] Fine-tune iter 0: loss = 0.040000
2025-08-14 21:12:11 [DEBUG] Fine-tune iter 1: loss = 0.040000
2025-08-14 21:12:12 [DEBUG] Fine-tune iter 2: loss = 0.040000
2025-08-14 21:12:13 [DEBUG] Fine-tune iter 3: loss = 0.040000
2025-08-14 21:12:14 [DEBUG] Fine-tune iter 4: loss = 0.040000
2025-08-14 21:12:18 [INFO] Fine-tuning completed: avg_loss = 0.040000
2025-08-14 21:12:18 [INFO] Step 5: Fine-tuning completed
2025-08-14 21:12:18 [DEBUG] Added 8 refined views to training set
2025-08-14 21:12:18 [INFO] Round 2 completed
2025-08-14 21:12:18 [INFO] Updated training views: 17
2025-08-14 21:12:18 [INFO] Round metrics: {'psnr': 67.3228530883789, 'ssim': 0.9999098852276802, 'num_views': 8}
2025-08-14 21:12:18 [INFO] 
=== Progressive Round 3/3 ===
2025-08-14 21:12:18 [INFO] Scale factor: 27
2025-08-14 21:12:18 [DEBUG] Base distance: 0.869
2025-08-14 21:12:18 [DEBUG] Frontier distance threshold: 0.032
2025-08-14 21:12:18 [INFO] Step 1: Set 12 frontier views
2025-08-14 21:12:19 [DEBUG] Anchor selection objective: -11.5005
2025-08-14 21:12:19 [INFO] Step 2: Selected 5 anchor views: [0, 2, 4, 7, 9]
2025-08-14 21:12:19 [DEBUG] Update selection objective: -45.8833
2025-08-14 21:12:19 [INFO] Step 3: Selected 8 views to update
2025-08-14 21:12:20 [DEBUG] Rendered view 1/8: torch.Size([3, 512, 512])
2025-08-14 21:12:22 [DEBUG] Refined view 1/8: torch.Size([3, 512, 512])
2025-08-14 21:12:22 [DEBUG] Rendered view 2/8: torch.Size([3, 512, 512])
2025-08-14 21:12:25 [DEBUG] Refined view 2/8: torch.Size([3, 512, 512])
2025-08-14 21:12:25 [DEBUG] Rendered view 3/8: torch.Size([3, 512, 512])
2025-08-14 21:12:27 [DEBUG] Refined view 3/8: torch.Size([3, 512, 512])
2025-08-14 21:12:28 [DEBUG] Rendered view 4/8: torch.Size([3, 512, 512])
2025-08-14 21:12:30 [DEBUG] Refined view 4/8: torch.Size([3, 512, 512])
2025-08-14 21:12:31 [DEBUG] Rendered view 5/8: torch.Size([3, 512, 512])
2025-08-14 21:12:33 [DEBUG] Refined view 5/8: torch.Size([3, 512, 512])
2025-08-14 21:12:34 [DEBUG] Rendered view 6/8: torch.Size([3, 512, 512])
2025-08-14 21:12:36 [DEBUG] Refined view 6/8: torch.Size([3, 512, 512])
2025-08-14 21:12:36 [DEBUG] Rendered view 7/8: torch.Size([3, 512, 512])
2025-08-14 21:12:39 [DEBUG] Refined view 7/8: torch.Size([3, 512, 512])
2025-08-14 21:12:39 [DEBUG] Rendered view 8/8: torch.Size([3, 512, 512])
2025-08-14 21:12:41 [DEBUG] Refined view 8/8: torch.Size([3, 512, 512])
2025-08-14 21:12:41 [INFO] Step 4: Rendered and refined 8 images
2025-08-14 21:12:41 [INFO] Fine-tuning model with 8 refined images
2025-08-14 21:12:43 [DEBUG] Fine-tune iter 0: loss = 0.040000
2025-08-14 21:12:44 [DEBUG] Fine-tune iter 1: loss = 0.040000
2025-08-14 21:12:45 [DEBUG] Fine-tune iter 2: loss = 0.040000
2025-08-14 21:12:46 [DEBUG] Fine-tune iter 3: loss = 0.040000
2025-08-14 21:12:47 [DEBUG] Fine-tune iter 4: loss = 0.040000
2025-08-14 21:12:51 [INFO] Fine-tuning completed: avg_loss = 0.040000
2025-08-14 21:12:51 [INFO] Step 5: Fine-tuning completed
2025-08-14 21:12:51 [DEBUG] Added 8 refined views to training set
2025-08-14 21:12:51 [INFO] Round 3 completed
2025-08-14 21:12:51 [INFO] Updated training views: 25
2025-08-14 21:12:51 [INFO] Round metrics: {'psnr': 67.32285785675049, 'ssim': 0.9999098777770996, 'num_views': 8}
2025-08-14 21:12:51 [INFO] Progressive update completed
2025-08-14 21:12:51 [INFO] Final training views: 25
2025-08-14 21:12:51 [INFO] Progressive update completed in 88.8s
2025-08-14 21:12:51 [INFO] Progressive statistics: {'total_rounds': 3, 'total_refined_views': 24, 'total_frontier_views': 36, 'average_psnr': inf, 'average_ssim': 0.9999399210015932, 'scale_factors': [3, 9, 27], 'final_loss': 0.03999999910593033}
2025-08-14 21:12:51 [INFO] Step 7.4: Model evaluation...
2025-08-14 21:12:51 [INFO] Evaluating on 1 close-up views
2025-08-14 21:12:52 [INFO] Evaluation completed!
2025-08-14 21:12:52 [INFO] Results with ground truth:
2025-08-14 21:12:52 [INFO]   psnr: 3.3119
2025-08-14 21:12:52 [INFO]   ssim: 0.8500
2025-08-14 21:12:52 [INFO]   lpips: 0.9536
2025-08-14 21:12:52 [INFO]   num_samples: 1.0000
2025-08-14 21:12:52 [INFO] Results without ground truth:
2025-08-14 21:12:52 [INFO]   num_samples: 1.0000
2025-08-14 21:12:52 [INFO] Results saved to outputs
2025-08-14 21:12:52 [INFO] Model checkpoint saved to outputs\final_model.pth
2025-08-14 21:12:52 [INFO] Exporting 3D model...
2025-08-14 21:12:52 [WARNING] Failed to export 3D model: 'GSModel' object has no attribute 'get_shs'
2025-08-14 21:12:52 [INFO] === Complete training finished in 100.2s ===
