2025-08-14 21:15:14 [INFO] Logging to file: outputs\closeup_gs_20250814_211514.log
2025-08-14 21:15:14 [INFO] GPU: NVIDIA GeForce RTX 3070 Ti Laptop GPU
2025-08-14 21:15:14 [INFO] NVIDIA RTX 3070Ti detected - applying optimizations
2025-08-14 21:15:14 [INFO] Automatic Mixed Precision enabled for 3070Ti
2025-08-14 21:15:14 [INFO] Applied aggressive memory management for RTX 3070Ti
2025-08-14 21:15:14 [INFO] GPU memory fraction set to 0.75
2025-08-14 21:15:14 [INFO] Applied additional memory optimizations for 8GB GPU
2025-08-14 21:15:14 [INFO] Close-up-GS Training initialized
2025-08-14 21:15:14 [INFO] Device: cuda:0
2025-08-14 21:15:14 [INFO] Debug mode: True
2025-08-14 21:15:14 [INFO] Batch size: 1
2025-08-14 21:15:15 [INFO] LPIPS metric initialized
2025-08-14 21:15:15 [WARNING] DINO not available. Install dino-vit-features for no-reference evaluation
2025-08-14 21:15:15 [INFO] === Starting Complete Close-up-GS Training ===
2025-08-14 21:15:15 [INFO] Step 7.1: Loading dataset...
2025-08-14 21:15:15 [INFO] Loaded synthetic dataset: 1 samples
2025-08-14 21:15:15 [INFO] Dataset statistics:
2025-08-14 21:15:15 [INFO]   Total samples: 1
2025-08-14 21:15:15 [INFO]   Training views: 1
2025-08-14 21:15:15 [INFO]   Close-up test samples: 1
2025-08-14 21:15:15 [INFO] Saving 1 original training images...
2025-08-14 21:15:15 [INFO] Saving 1 original close-up test images...
2025-08-14 21:15:15 [INFO] Original images saved to: outputs\original_images
2025-08-14 21:15:15 [INFO] Step 7.2: Initial GSModel optimization (10 iterations)...
2025-08-14 21:15:15 [INFO] ProgressiveTrainer initialized
2025-08-14 21:15:15 [INFO]   Rounds: 3
2025-08-14 21:15:15 [INFO]   Scales: [3, 9, 27]
2025-08-14 21:15:15 [INFO]   Anchor count: 5
2025-08-14 21:15:15 [INFO]   Update count: 8
2025-08-14 21:15:15 [INFO] CloseupGS Trainer initialized
2025-08-14 21:15:15 [INFO]   Device: cuda:0
2025-08-14 21:15:15 [INFO]   Training views: 1
2025-08-14 21:15:15 [INFO]   Close-up test views: 1
2025-08-14 21:15:15 [INFO]   Baseline iterations: 10
2025-08-14 21:15:15 [INFO]   Refinement iterations: 5
2025-08-14 21:15:15 [INFO]   Fine-tuning iterations: 5
2025-08-14 21:15:15 [INFO] Starting baseline GSModel training...
2025-08-14 21:15:15 [INFO] Phase 1: Training baseline GSModel (10 iterations)
2025-08-14 21:15:16 [INFO] Baseline iter 0: loss=0.578603, gaussians=200
2025-08-14 21:15:24 [INFO] Checkpoint saved: outputs\closeup_gs_baseline_final.pth
2025-08-14 21:15:24 [INFO] Baseline training completed in 8.3s
2025-08-14 21:15:24 [INFO] Initial optimization completed in 8.6s
2025-08-14 21:15:24 [INFO] Final Gaussians count: 200
2025-08-14 21:15:24 [INFO] Saving baseline model rendering results...
2025-08-14 21:15:25 [INFO] Baseline results saved to: outputs\baseline_results
2025-08-14 21:15:25 [INFO] Step 7.3: Progressive update (3 rounds)...
2025-08-14 21:15:25 [INFO] Starting progressive self-training...
2025-08-14 21:15:25 [INFO] Starting progressive update: 3 rounds
2025-08-14 21:15:25 [INFO] Scales: [3, 9, 27]
2025-08-14 21:15:25 [INFO] Initial training views: 1
2025-08-14 21:15:25 [INFO] 
=== Progressive Round 1/3 ===
2025-08-14 21:15:25 [INFO] Scale factor: 3
2025-08-14 21:15:25 [DEBUG] Base distance: 3.001
2025-08-14 21:15:25 [DEBUG] Frontier distance threshold: 1.000
2025-08-14 21:15:25 [INFO] Step 1: Set 12 frontier views
2025-08-14 21:15:25 [DEBUG] Anchor selection objective: 0.0000
2025-08-14 21:15:25 [INFO] Step 2: Selected 1 anchor views: [0]
2025-08-14 21:15:25 [DEBUG] Update selection objective: -35.2286
2025-08-14 21:15:25 [INFO] Step 3: Selected 8 views to update
2025-08-14 21:15:25 [DEBUG] Rendered view 1/8: torch.Size([3, 512, 512])
2025-08-14 21:15:27 [DEBUG] Refined view 1/8: torch.Size([3, 512, 512])
2025-08-14 21:15:27 [DEBUG] Rendered view 2/8: torch.Size([3, 512, 512])
2025-08-14 21:15:28 [DEBUG] Refined view 2/8: torch.Size([3, 512, 512])
2025-08-14 21:15:29 [DEBUG] Rendered view 3/8: torch.Size([3, 512, 512])
2025-08-14 21:15:30 [DEBUG] Refined view 3/8: torch.Size([3, 512, 512])
2025-08-14 21:15:31 [DEBUG] Rendered view 4/8: torch.Size([3, 512, 512])
2025-08-14 21:15:32 [DEBUG] Refined view 4/8: torch.Size([3, 512, 512])
2025-08-14 21:15:32 [DEBUG] Rendered view 5/8: torch.Size([3, 512, 512])
2025-08-14 21:15:34 [DEBUG] Refined view 5/8: torch.Size([3, 512, 512])
2025-08-14 21:15:34 [DEBUG] Rendered view 6/8: torch.Size([3, 512, 512])
2025-08-14 21:15:35 [DEBUG] Refined view 6/8: torch.Size([3, 512, 512])
2025-08-14 21:15:36 [DEBUG] Rendered view 7/8: torch.Size([3, 512, 512])
2025-08-14 21:15:37 [DEBUG] Refined view 7/8: torch.Size([3, 512, 512])
2025-08-14 21:15:38 [DEBUG] Rendered view 8/8: torch.Size([3, 512, 512])
2025-08-14 21:15:39 [DEBUG] Refined view 8/8: torch.Size([3, 512, 512])
2025-08-14 21:15:39 [INFO] Step 4: Rendered and refined 8 images
2025-08-14 21:15:39 [INFO] Fine-tuning model with 8 refined images
2025-08-14 21:15:40 [DEBUG] Fine-tune iter 0: loss = 0.040000
2025-08-14 21:15:40 [DEBUG] Fine-tune iter 1: loss = 0.040000
2025-08-14 21:15:41 [DEBUG] Fine-tune iter 2: loss = 0.040000
2025-08-14 21:15:42 [DEBUG] Fine-tune iter 3: loss = 0.040000
2025-08-14 21:15:43 [DEBUG] Fine-tune iter 4: loss = 0.040000
2025-08-14 21:15:48 [INFO] Fine-tuning completed: avg_loss = 0.040000
2025-08-14 21:15:48 [INFO] Step 5: Fine-tuning completed
2025-08-14 21:15:48 [DEBUG] Added 8 refined views to training set
2025-08-14 21:15:48 [INFO] Round 1 completed
2025-08-14 21:15:48 [INFO] Updated training views: 9
2025-08-14 21:15:48 [INFO] Round metrics: {'psnr': inf, 'ssim': 0.9999678954482079, 'num_views': 8}
2025-08-14 21:15:48 [INFO] 
=== Progressive Round 2/3 ===
2025-08-14 21:15:48 [INFO] Scale factor: 9
2025-08-14 21:15:48 [DEBUG] Base distance: 1.223
2025-08-14 21:15:48 [DEBUG] Frontier distance threshold: 0.136
2025-08-14 21:15:48 [INFO] Step 1: Set 12 frontier views
2025-08-14 21:15:48 [DEBUG] Anchor selection objective: -12.3381
2025-08-14 21:15:48 [INFO] Step 2: Selected 5 anchor views: [0, 1, 4, 5, 7]
2025-08-14 21:15:49 [DEBUG] Update selection objective: -43.9760
2025-08-14 21:15:49 [INFO] Step 3: Selected 8 views to update
2025-08-14 21:15:49 [DEBUG] Rendered view 1/8: torch.Size([3, 512, 512])
2025-08-14 21:15:51 [DEBUG] Refined view 1/8: torch.Size([3, 512, 512])
2025-08-14 21:15:52 [DEBUG] Rendered view 2/8: torch.Size([3, 512, 512])
2025-08-14 21:15:55 [DEBUG] Refined view 2/8: torch.Size([3, 512, 512])
2025-08-14 21:15:55 [DEBUG] Rendered view 3/8: torch.Size([3, 512, 512])
2025-08-14 21:15:57 [DEBUG] Refined view 3/8: torch.Size([3, 512, 512])
2025-08-14 21:15:58 [DEBUG] Rendered view 4/8: torch.Size([3, 512, 512])
2025-08-14 21:16:00 [DEBUG] Refined view 4/8: torch.Size([3, 512, 512])
2025-08-14 21:16:01 [DEBUG] Rendered view 5/8: torch.Size([3, 512, 512])
2025-08-14 21:16:03 [DEBUG] Refined view 5/8: torch.Size([3, 512, 512])
2025-08-14 21:16:04 [DEBUG] Rendered view 6/8: torch.Size([3, 512, 512])
2025-08-14 21:16:06 [DEBUG] Refined view 6/8: torch.Size([3, 512, 512])
2025-08-14 21:16:07 [DEBUG] Rendered view 7/8: torch.Size([3, 512, 512])
2025-08-14 21:16:09 [DEBUG] Refined view 7/8: torch.Size([3, 512, 512])
2025-08-14 21:16:10 [DEBUG] Rendered view 8/8: torch.Size([3, 512, 512])
2025-08-14 21:16:12 [DEBUG] Refined view 8/8: torch.Size([3, 512, 512])
2025-08-14 21:16:12 [INFO] Step 4: Rendered and refined 8 images
2025-08-14 21:16:12 [INFO] Fine-tuning model with 8 refined images
2025-08-14 21:16:13 [DEBUG] Fine-tune iter 0: loss = 0.040000
2025-08-14 21:16:14 [DEBUG] Fine-tune iter 1: loss = 0.040000
2025-08-14 21:16:15 [DEBUG] Fine-tune iter 2: loss = 0.040000
2025-08-14 21:16:16 [DEBUG] Fine-tune iter 3: loss = 0.040000
2025-08-14 21:16:18 [DEBUG] Fine-tune iter 4: loss = 0.040000
2025-08-14 21:16:22 [INFO] Fine-tuning completed: avg_loss = 0.040000
2025-08-14 21:16:22 [INFO] Step 5: Fine-tuning completed
2025-08-14 21:16:22 [DEBUG] Added 8 refined views to training set
2025-08-14 21:16:22 [INFO] Round 2 completed
2025-08-14 21:16:22 [INFO] Updated training views: 17
2025-08-14 21:16:22 [INFO] Round metrics: {'psnr': 66.41489696502686, 'ssim': 0.9998911023139954, 'num_views': 8}
2025-08-14 21:16:22 [INFO] 
=== Progressive Round 3/3 ===
2025-08-14 21:16:22 [INFO] Scale factor: 27
2025-08-14 21:16:22 [DEBUG] Base distance: 0.711
2025-08-14 21:16:22 [DEBUG] Frontier distance threshold: 0.026
2025-08-14 21:16:22 [INFO] Step 1: Set 12 frontier views
2025-08-14 21:16:23 [DEBUG] Anchor selection objective: -12.5209
2025-08-14 21:16:23 [INFO] Step 2: Selected 5 anchor views: [0, 2, 3, 8, 9]
2025-08-14 21:16:23 [DEBUG] Update selection objective: -45.9991
2025-08-14 21:16:23 [INFO] Step 3: Selected 8 views to update
2025-08-14 21:16:23 [DEBUG] Rendered view 1/8: torch.Size([3, 512, 512])
2025-08-14 21:16:26 [DEBUG] Refined view 1/8: torch.Size([3, 512, 512])
2025-08-14 21:16:26 [DEBUG] Rendered view 2/8: torch.Size([3, 512, 512])
2025-08-14 21:16:29 [DEBUG] Refined view 2/8: torch.Size([3, 512, 512])
2025-08-14 21:16:29 [DEBUG] Rendered view 3/8: torch.Size([3, 512, 512])
2025-08-14 21:16:32 [DEBUG] Refined view 3/8: torch.Size([3, 512, 512])
2025-08-14 21:16:32 [DEBUG] Rendered view 4/8: torch.Size([3, 512, 512])
2025-08-14 21:16:34 [DEBUG] Refined view 4/8: torch.Size([3, 512, 512])
2025-08-14 21:16:35 [DEBUG] Rendered view 5/8: torch.Size([3, 512, 512])
2025-08-14 21:16:37 [DEBUG] Refined view 5/8: torch.Size([3, 512, 512])
2025-08-14 21:16:38 [DEBUG] Rendered view 6/8: torch.Size([3, 512, 512])
2025-08-14 21:16:40 [DEBUG] Refined view 6/8: torch.Size([3, 512, 512])
2025-08-14 21:16:41 [DEBUG] Rendered view 7/8: torch.Size([3, 512, 512])
2025-08-14 21:16:43 [DEBUG] Refined view 7/8: torch.Size([3, 512, 512])
2025-08-14 21:16:44 [DEBUG] Rendered view 8/8: torch.Size([3, 512, 512])
2025-08-14 21:16:46 [DEBUG] Refined view 8/8: torch.Size([3, 512, 512])
2025-08-14 21:16:46 [INFO] Step 4: Rendered and refined 8 images
2025-08-14 21:16:46 [INFO] Fine-tuning model with 8 refined images
2025-08-14 21:16:47 [DEBUG] Fine-tune iter 0: loss = 0.040000
2025-08-14 21:16:49 [DEBUG] Fine-tune iter 1: loss = 0.040000
2025-08-14 21:16:50 [DEBUG] Fine-tune iter 2: loss = 0.040000
2025-08-14 21:16:51 [DEBUG] Fine-tune iter 3: loss = 0.040000
2025-08-14 21:16:52 [DEBUG] Fine-tune iter 4: loss = 0.040000
2025-08-14 21:16:57 [INFO] Fine-tuning completed: avg_loss = 0.040000
2025-08-14 21:16:57 [INFO] Step 5: Fine-tuning completed
2025-08-14 21:16:57 [DEBUG] Added 8 refined views to training set
2025-08-14 21:16:57 [INFO] Round 3 completed
2025-08-14 21:16:57 [INFO] Updated training views: 25
2025-08-14 21:16:57 [INFO] Round metrics: {'psnr': 66.11312770843506, 'ssim': 0.9998767301440239, 'num_views': 8}
2025-08-14 21:16:57 [INFO] Progressive update completed
2025-08-14 21:16:57 [INFO] Final training views: 25
2025-08-14 21:16:57 [INFO] Progressive update completed in 92.3s
2025-08-14 21:16:57 [INFO] Progressive statistics: {'total_rounds': 3, 'total_refined_views': 24, 'total_frontier_views': 36, 'average_psnr': inf, 'average_ssim': 0.9999119093020757, 'scale_factors': [3, 9, 27], 'final_loss': 0.03999999910593033}
2025-08-14 21:16:57 [INFO] Step 7.4: Model evaluation...
2025-08-14 21:16:57 [INFO] Evaluating on 1 close-up views
2025-08-14 21:16:58 [INFO] Evaluation completed!
2025-08-14 21:16:58 [INFO] Results with ground truth:
2025-08-14 21:16:58 [INFO]   psnr: 3.3118
2025-08-14 21:16:58 [INFO]   ssim: 0.8500
2025-08-14 21:16:58 [INFO]   lpips: 0.9543
2025-08-14 21:16:58 [INFO]   num_samples: 1.0000
2025-08-14 21:16:58 [INFO] Results without ground truth:
2025-08-14 21:16:58 [INFO]   num_samples: 1.0000
2025-08-14 21:16:58 [INFO] Results saved to outputs
2025-08-14 21:16:58 [INFO] Model checkpoint saved to outputs\final_model.pth
2025-08-14 21:16:58 [INFO] Exporting 3D model...
2025-08-14 21:16:58 [INFO] Exporting 200 Gaussians...
2025-08-14 21:16:58 [WARNING] Failed to export PLY: too many values to unpack (expected 3)
2025-08-14 21:16:58 [INFO] Gaussian parameters saved
2025-08-14 21:16:58 [INFO] Model statistics saved
2025-08-14 21:16:58 [INFO] OBJ spheres saved to: outputs\3d_models\gaussians_spheres.obj
2025-08-14 21:16:58 [INFO] 3D model exported to: outputs\3d_models
2025-08-14 21:16:58 [INFO] === Complete training finished in 102.7s ===
