2025-08-14 19:03:57 [INFO] Logging to file: outputs\closeup_gs_20250814_190357.log
2025-08-14 19:03:57 [INFO] GPU: NVIDIA GeForce RTX 3070 Ti Laptop GPU
2025-08-14 19:03:57 [INFO] NVIDIA RTX 3070Ti detected - applying optimizations
2025-08-14 19:03:57 [INFO] Automatic Mixed Precision enabled for 3070Ti
2025-08-14 19:03:57 [INFO] GPU memory fraction set to 0.85
2025-08-14 19:03:57 [INFO] Close-up-GS Training initialized
2025-08-14 19:03:57 [INFO] Device: cuda:0
2025-08-14 19:03:57 [INFO] Debug mode: True
2025-08-14 19:03:57 [INFO] Batch size: 1
2025-08-14 19:03:58 [INFO] LPIPS metric initialized
2025-08-14 19:03:58 [WARNING] DINO not available. Install dino-vit-features for no-reference evaluation
2025-08-14 19:03:58 [INFO] === Starting Complete Close-up-GS Training ===
2025-08-14 19:03:58 [INFO] Step 7.1: Loading dataset...
2025-08-14 19:03:58 [INFO] Loaded synthetic dataset: 5 samples
2025-08-14 19:03:58 [INFO] Dataset statistics:
2025-08-14 19:03:58 [INFO]   Total samples: 5
2025-08-14 19:03:58 [INFO]   Training views: 5
2025-08-14 19:03:58 [INFO]   Close-up test samples: 5
2025-08-14 19:03:58 [INFO] Step 7.2: Initial GSModel optimization (100 iterations)...
2025-08-14 19:03:58 [INFO] ProgressiveTrainer initialized
2025-08-14 19:03:58 [INFO]   Rounds: 3
2025-08-14 19:03:58 [INFO]   Scales: [3, 9, 27]
2025-08-14 19:03:58 [INFO]   Anchor count: 5
2025-08-14 19:03:58 [INFO]   Update count: 8
2025-08-14 19:03:58 [INFO] CloseupGS Trainer initialized
2025-08-14 19:03:58 [INFO]   Training views: 5
2025-08-14 19:03:58 [INFO]   Close-up test views: 5
2025-08-14 19:03:58 [INFO]   Baseline iterations: 100
2025-08-14 19:03:58 [INFO]   Refinement iterations: 50
2025-08-14 19:03:58 [INFO]   Fine-tuning iterations: 50
2025-08-14 19:03:58 [INFO] Starting baseline GSModel training...
2025-08-14 19:03:58 [INFO] Phase 1: Training baseline GSModel (100 iterations)
2025-08-14 19:04:03 [INFO] Baseline iter 0: loss=0.578619, gaussians=1000
2025-08-14 19:10:07 [INFO] Checkpoint saved: outputs\closeup_gs_baseline_final.pth
2025-08-14 19:10:07 [INFO] Baseline training completed in 369.0s
2025-08-14 19:10:07 [INFO] Initial optimization completed in 369.6s
2025-08-14 19:10:07 [INFO] Final Gaussians count: 1000
2025-08-14 19:10:07 [INFO] Step 7.3: Progressive update (3 rounds)...
2025-08-14 19:10:07 [INFO] Starting progressive self-training...
2025-08-14 19:10:07 [INFO] Starting progressive update: 3 rounds
2025-08-14 19:10:07 [INFO] Scales: [3, 9, 27]
2025-08-14 19:10:07 [INFO] Initial training views: 5
2025-08-14 19:10:07 [INFO] 
=== Progressive Round 1/3 ===
2025-08-14 19:10:07 [INFO] Scale factor: 3
2025-08-14 19:10:07 [DEBUG] Base distance: 3.626
2025-08-14 19:10:07 [DEBUG] Frontier distance threshold: 1.209
2025-08-14 19:10:07 [INFO] Step 1: Set 12 frontier views
2025-08-14 19:10:07 [DEBUG] Anchor selection objective: -11.2825
2025-08-14 19:10:07 [INFO] Step 2: Selected 5 anchor views: [0, 1, 2, 3, 4]
2025-08-14 19:10:07 [DEBUG] Update selection objective: -34.2267
2025-08-14 19:10:07 [INFO] Step 3: Selected 8 views to update
2025-08-14 19:10:10 [DEBUG] Rendered view 1/8: torch.Size([3, 512, 512])
2025-08-14 19:10:21 [WARNING] Refinement failed for view 0: Expected all tensors to be on the same device, but found at least two devices, cpu and cuda:0! (when checking argument for argument mat2 in method wrapper_CUDA_mm)
2025-08-14 19:10:24 [DEBUG] Rendered view 2/8: torch.Size([3, 512, 512])
2025-08-14 19:10:34 [WARNING] Refinement failed for view 1: Expected all tensors to be on the same device, but found at least two devices, cpu and cuda:0! (when checking argument for argument mat2 in method wrapper_CUDA_mm)
2025-08-14 19:10:37 [DEBUG] Rendered view 3/8: torch.Size([3, 512, 512])
2025-08-14 19:10:48 [WARNING] Refinement failed for view 2: Expected all tensors to be on the same device, but found at least two devices, cpu and cuda:0! (when checking argument for argument mat2 in method wrapper_CUDA_mm)
2025-08-14 19:10:51 [DEBUG] Rendered view 4/8: torch.Size([3, 512, 512])
2025-08-14 19:11:01 [WARNING] Refinement failed for view 3: Expected all tensors to be on the same device, but found at least two devices, cpu and cuda:0! (when checking argument for argument mat2 in method wrapper_CUDA_mm)
2025-08-14 19:11:04 [DEBUG] Rendered view 5/8: torch.Size([3, 512, 512])
2025-08-14 19:11:15 [WARNING] Refinement failed for view 4: Expected all tensors to be on the same device, but found at least two devices, cpu and cuda:0! (when checking argument for argument mat2 in method wrapper_CUDA_mm)
2025-08-14 19:11:17 [DEBUG] Rendered view 6/8: torch.Size([3, 512, 512])
2025-08-14 19:11:28 [WARNING] Refinement failed for view 5: Expected all tensors to be on the same device, but found at least two devices, cpu and cuda:0! (when checking argument for argument mat2 in method wrapper_CUDA_mm)
2025-08-14 19:11:31 [DEBUG] Rendered view 7/8: torch.Size([3, 512, 512])
