2025-08-14 18:36:25 [INFO] Logging to file: outputs\closeup_gs_20250814_183625.log
2025-08-14 18:36:25 [INFO] GPU: NVIDIA GeForce RTX 3070 Ti Laptop GPU
2025-08-14 18:36:25 [INFO] NVIDIA RTX 3070Ti detected - applying optimizations
2025-08-14 18:36:25 [INFO] Automatic Mixed Precision enabled for 3070Ti
2025-08-14 18:36:25 [INFO] GPU memory fraction set to 0.85
2025-08-14 18:36:25 [INFO] Close-up-GS Training initialized
2025-08-14 18:36:25 [INFO] Device: cuda:0
2025-08-14 18:36:25 [INFO] Debug mode: True
2025-08-14 18:36:25 [INFO] Batch size: 1
2025-08-14 18:36:25 [INFO] LPIPS metric initialized
2025-08-14 18:36:25 [WARNING] DINO not available. Install dino-vit-features for no-reference evaluation
2025-08-14 18:36:25 [INFO] === Starting Complete Close-up-GS Training ===
2025-08-14 18:36:25 [INFO] Step 7.1: Loading dataset...
2025-08-14 18:36:25 [INFO] Loaded synthetic dataset: 5 samples
2025-08-14 18:36:25 [INFO] Dataset statistics:
2025-08-14 18:36:25 [INFO]   Total samples: 5
2025-08-14 18:36:25 [INFO]   Training views: 5
2025-08-14 18:36:25 [INFO]   Close-up test samples: 5
2025-08-14 18:36:25 [INFO] Step 7.2: Initial GSModel optimization (30000 iterations)...
2025-08-14 18:36:25 [INFO] ProgressiveTrainer initialized
2025-08-14 18:36:25 [INFO]   Rounds: 3
2025-08-14 18:36:25 [INFO]   Scales: [3, 9, 27]
2025-08-14 18:36:25 [INFO]   Anchor count: 5
2025-08-14 18:36:25 [INFO]   Update count: 8
2025-08-14 18:36:26 [INFO] CloseupGS Trainer initialized
2025-08-14 18:36:26 [INFO]   Training views: 5
2025-08-14 18:36:26 [INFO]   Close-up test views: 5
2025-08-14 18:36:26 [INFO]   Baseline iterations: 30000
2025-08-14 18:36:26 [INFO]   Refinement iterations: 10000
2025-08-14 18:36:26 [INFO]   Fine-tuning iterations: 5000
2025-08-14 18:36:26 [INFO] Starting baseline GSModel training...
2025-08-14 18:36:26 [INFO] Phase 1: Training baseline GSModel (30000 iterations)
2025-08-14 18:36:31 [INFO] Baseline iter 0: loss=0.578092, gaussians=1000
