2025-08-14 19:31:16 [INFO] Logging to file: outputs\closeup_gs_20250814_193116.log
2025-08-14 19:31:16 [INFO] GPU: NVIDIA GeForce RTX 3070 Ti Laptop GPU
2025-08-14 19:31:16 [INFO] NVIDIA RTX 3070Ti detected - applying optimizations
2025-08-14 19:31:16 [INFO] Automatic Mixed Precision enabled for 3070Ti
2025-08-14 19:31:16 [INFO] Applied aggressive memory management for RTX 3070Ti
2025-08-14 19:31:16 [INFO] GPU memory fraction set to 0.75
2025-08-14 19:31:16 [INFO] Applied additional memory optimizations for 8GB GPU
2025-08-14 19:31:16 [INFO] Close-up-GS Training initialized
2025-08-14 19:31:16 [INFO] Device: cuda:0
2025-08-14 19:31:16 [INFO] Debug mode: True
2025-08-14 19:31:16 [INFO] Batch size: 1
2025-08-14 19:31:17 [INFO] LPIPS metric initialized
2025-08-14 19:31:17 [WARNING] DINO not available. Install dino-vit-features for no-reference evaluation
2025-08-14 19:31:17 [INFO] === Starting Complete Close-up-GS Training ===
2025-08-14 19:31:17 [INFO] Step 7.1: Loading dataset...
2025-08-14 19:31:17 [INFO] Loaded synthetic dataset: 5 samples
2025-08-14 19:31:17 [INFO] Dataset statistics:
2025-08-14 19:31:17 [INFO]   Total samples: 5
2025-08-14 19:31:17 [INFO]   Training views: 5
2025-08-14 19:31:17 [INFO]   Close-up test samples: 5
2025-08-14 19:31:17 [INFO] Step 7.2: Initial GSModel optimization (100 iterations)...
2025-08-14 19:31:17 [ERROR] Initial optimization failed: argument of type 'Config' is not iterable
2025-08-14 19:31:17 [ERROR] Training pipeline failed: argument of type 'Config' is not iterable
