2025-08-14 20:47:27 [INFO] Logging to file: outputs\closeup_gs_20250814_204727.log
2025-08-14 20:47:27 [INFO] GPU: NVIDIA GeForce RTX 3070 Ti Laptop GPU
2025-08-14 20:47:27 [INFO] NVIDIA RTX 3070Ti detected - applying optimizations
2025-08-14 20:47:27 [INFO] Automatic Mixed Precision enabled for 3070Ti
2025-08-14 20:47:27 [INFO] Applied aggressive memory management for RTX 3070Ti
2025-08-14 20:47:27 [INFO] GPU memory fraction set to 0.75
2025-08-14 20:47:27 [INFO] Applied additional memory optimizations for 8GB GPU
2025-08-14 20:47:27 [INFO] Close-up-GS Training initialized
2025-08-14 20:47:27 [INFO] Device: cuda:0
2025-08-14 20:47:27 [INFO] Debug mode: True
2025-08-14 20:47:27 [INFO] Batch size: 1
2025-08-14 20:47:27 [INFO] LPIPS metric initialized
2025-08-14 20:47:27 [WARNING] DINO not available. Install dino-vit-features for no-reference evaluation
2025-08-14 20:47:27 [INFO] === Starting Complete Close-up-GS Training ===
2025-08-14 20:47:27 [INFO] Step 7.1: Loading dataset...
2025-08-14 20:47:27 [INFO] Loaded synthetic dataset: 1 samples
2025-08-14 20:47:27 [INFO] Dataset statistics:
2025-08-14 20:47:27 [INFO]   Total samples: 1
2025-08-14 20:47:27 [INFO]   Training views: 1
2025-08-14 20:47:27 [INFO]   Close-up test samples: 1
2025-08-14 20:47:27 [INFO] Step 7.2: Initial GSModel optimization (10 iterations)...
2025-08-14 20:47:27 [INFO] ProgressiveTrainer initialized
2025-08-14 20:47:27 [INFO]   Rounds: 3
2025-08-14 20:47:27 [INFO]   Scales: [3, 9, 27]
2025-08-14 20:47:27 [INFO]   Anchor count: 5
2025-08-14 20:47:27 [INFO]   Update count: 8
2025-08-14 20:47:27 [INFO] CloseupGS Trainer initialized
2025-08-14 20:47:27 [INFO]   Device: cuda:0
2025-08-14 20:47:27 [INFO]   Training views: 1
2025-08-14 20:47:27 [INFO]   Close-up test views: 1
2025-08-14 20:47:27 [INFO]   Baseline iterations: 10
2025-08-14 20:47:27 [INFO]   Refinement iterations: 5
2025-08-14 20:47:27 [INFO]   Fine-tuning iterations: 5
2025-08-14 20:47:27 [INFO] Starting baseline GSModel training...
2025-08-14 20:47:27 [INFO] Phase 1: Training baseline GSModel (10 iterations)
2025-08-14 20:47:29 [INFO] Baseline iter 0: loss=0.578603, gaussians=200
2025-08-14 20:47:36 [INFO] Checkpoint saved: outputs\closeup_gs_baseline_final.pth
2025-08-14 20:47:36 [INFO] Baseline training completed in 8.6s
2025-08-14 20:47:36 [INFO] Initial optimization completed in 8.9s
2025-08-14 20:47:36 [INFO] Final Gaussians count: 200
2025-08-14 20:47:36 [INFO] Step 7.3: Progressive update (3 rounds)...
2025-08-14 20:47:36 [INFO] Starting progressive self-training...
2025-08-14 20:47:36 [INFO] Starting progressive update: 3 rounds
2025-08-14 20:47:36 [INFO] Scales: [3, 9, 27]
2025-08-14 20:47:36 [INFO] Initial training views: 1
2025-08-14 20:47:36 [INFO] 
=== Progressive Round 1/3 ===
2025-08-14 20:47:36 [INFO] Scale factor: 3
2025-08-14 20:47:36 [DEBUG] Base distance: 4.554
2025-08-14 20:47:36 [DEBUG] Frontier distance threshold: 1.518
2025-08-14 20:47:36 [INFO] Step 1: Set 12 frontier views
2025-08-14 20:47:36 [DEBUG] Anchor selection objective: 0.0000
2025-08-14 20:47:36 [INFO] Step 2: Selected 1 anchor views: [0]
2025-08-14 20:47:37 [ERROR] Progressive update failed: Expected all tensors to be on the same device, but found at least two devices, cuda:0 and cpu!
2025-08-14 20:47:37 [ERROR] Training pipeline failed: Expected all tensors to be on the same device, but found at least two devices, cuda:0 and cpu!
