2025-08-14 19:32:14 [INFO] Logging to file: outputs\closeup_gs_20250814_193214.log
2025-08-14 19:32:14 [INFO] GPU: NVIDIA GeForce RTX 3070 Ti Laptop GPU
2025-08-14 19:32:14 [INFO] NVIDIA RTX 3070Ti detected - applying optimizations
2025-08-14 19:32:14 [INFO] Automatic Mixed Precision enabled for 3070Ti
2025-08-14 19:32:14 [INFO] Applied aggressive memory management for RTX 3070Ti
2025-08-14 19:32:14 [INFO] GPU memory fraction set to 0.75
2025-08-14 19:32:14 [INFO] Applied additional memory optimizations for 8GB GPU
2025-08-14 19:32:14 [INFO] Close-up-GS Training initialized
2025-08-14 19:32:14 [INFO] Device: cuda:0
2025-08-14 19:32:14 [INFO] Debug mode: True
2025-08-14 19:32:14 [INFO] Batch size: 1
2025-08-14 19:32:14 [INFO] LPIPS metric initialized
2025-08-14 19:32:14 [WARNING] DINO not available. Install dino-vit-features for no-reference evaluation
2025-08-14 19:32:14 [INFO] === Starting Complete Close-up-GS Training ===
2025-08-14 19:32:14 [INFO] Step 7.1: Loading dataset...
2025-08-14 19:32:14 [INFO] Loaded synthetic dataset: 5 samples
2025-08-14 19:32:14 [INFO] Dataset statistics:
2025-08-14 19:32:14 [INFO]   Total samples: 5
2025-08-14 19:32:14 [INFO]   Training views: 5
2025-08-14 19:32:14 [INFO]   Close-up test samples: 5
2025-08-14 19:32:14 [INFO] Step 7.2: Initial GSModel optimization (100 iterations)...
2025-08-14 19:32:14 [INFO] ProgressiveTrainer initialized
2025-08-14 19:32:14 [INFO]   Rounds: 3
2025-08-14 19:32:14 [INFO]   Scales: [3, 9, 27]
2025-08-14 19:32:14 [INFO]   Anchor count: 5
2025-08-14 19:32:14 [INFO]   Update count: 8
2025-08-14 19:32:15 [INFO] CloseupGS Trainer initialized
2025-08-14 19:32:15 [INFO]   Training views: 5
2025-08-14 19:32:15 [INFO]   Close-up test views: 5
2025-08-14 19:32:15 [INFO]   Baseline iterations: 100
2025-08-14 19:32:15 [INFO]   Refinement iterations: 50
2025-08-14 19:32:15 [INFO]   Fine-tuning iterations: 50
2025-08-14 19:32:15 [INFO] Starting baseline GSModel training...
2025-08-14 19:32:15 [INFO] Phase 1: Training baseline GSModel (100 iterations)
2025-08-14 19:32:20 [INFO] Baseline iter 0: loss=0.578721, gaussians=1000
2025-08-14 19:38:45 [INFO] Checkpoint saved: outputs\closeup_gs_baseline_final.pth
2025-08-14 19:38:45 [INFO] Baseline training completed in 390.2s
2025-08-14 19:38:45 [INFO] Initial optimization completed in 391.0s
2025-08-14 19:38:45 [INFO] Final Gaussians count: 1000
2025-08-14 19:38:45 [INFO] Step 7.3: Progressive update (3 rounds)...
2025-08-14 19:38:45 [INFO] Starting progressive self-training...
2025-08-14 19:38:45 [INFO] Starting progressive update: 3 rounds
2025-08-14 19:38:45 [INFO] Scales: [3, 9, 27]
2025-08-14 19:38:45 [INFO] Initial training views: 5
2025-08-14 19:38:45 [INFO] 
=== Progressive Round 1/3 ===
2025-08-14 19:38:45 [INFO] Scale factor: 3
2025-08-14 19:38:45 [DEBUG] Base distance: 2.484
2025-08-14 19:38:45 [DEBUG] Frontier distance threshold: 0.828
2025-08-14 19:38:45 [INFO] Step 1: Set 12 frontier views
2025-08-14 19:38:45 [DEBUG] Anchor selection objective: -12.6048
2025-08-14 19:38:45 [INFO] Step 2: Selected 5 anchor views: [0, 1, 2, 3, 4]
2025-08-14 19:38:45 [DEBUG] Update selection objective: -36.2794
2025-08-14 19:38:45 [INFO] Step 3: Selected 8 views to update
2025-08-14 19:38:48 [DEBUG] Rendered view 1/8: torch.Size([3, 512, 512])
2025-08-14 19:39:00 [WARNING] Refinement failed for view 0: 'dict' object has no attribute 'shape'
2025-08-14 19:39:04 [DEBUG] Rendered view 2/8: torch.Size([3, 512, 512])
2025-08-14 19:39:15 [WARNING] Refinement failed for view 1: 'dict' object has no attribute 'shape'
2025-08-14 19:39:18 [DEBUG] Rendered view 3/8: torch.Size([3, 512, 512])
